nohup: ignoring input
Experiment 10: 32130 done, 5670 to run of 37800; 24 workers, device=cuda
[----------------------------] 25/5670 (  0.4%)   34.1/min  elapsed 0m43s  eta 2h45m
[----------------------------] 50/5670 (  0.9%)   51.0/min  elapsed 0m58s  eta 1h50m
[----------------------------] 75/5670 (  1.3%)   59.9/min  elapsed 1m15s  eta 1h33m
[----------------------------] 100/5670 (  1.8%)   64.9/min  elapsed 1m32s  eta 1h25m
[----------------------------] 125/5670 (  2.2%)   69.2/min  elapsed 1m48s  eta 1h20m
[----------------------------] 150/5670 (  2.6%)   72.5/min  elapsed 2m04s  eta 1h16m
[----------------------------] 175/5670 (  3.1%)   73.9/min  elapsed 2m22s  eta 1h14m
[----------------------------] 200/5670 (  3.5%)   73.3/min  elapsed 2m43s  eta 1h14m
[#---------------------------] 225/5670 (  4.0%)   73.6/min  elapsed 3m03s  eta 1h14m
[#---------------------------] 250/5670 (  4.4%)   75.7/min  elapsed 3m18s  eta 1h11m
[#---------------------------] 275/5670 (  4.9%)   77.3/min  elapsed 3m33s  eta 1h09m
[#---------------------------] 300/5670 (  5.3%)   79.7/min  elapsed 3m45s  eta 1h07m
[#---------------------------] 325/5670 (  5.7%)   82.3/min  elapsed 3m56s  eta 1h04m
[#---------------------------] 350/5670 (  6.2%)   84.4/min  elapsed 4m08s  eta 1h03m
[#---------------------------] 375/5670 (  6.6%)   84.9/min  elapsed 4m25s  eta 1h02m
[#---------------------------] 400/5670 (  7.1%)   86.2/min  elapsed 4m38s  eta 1h01m
[##--------------------------] 425/5670 (  7.5%)   86.6/min  elapsed 4m54s  eta 1h00m
[##--------------------------] 450/5670 (  7.9%)   86.6/min  elapsed 5m11s  eta 1h00m
[##--------------------------] 475/5670 (  8.4%)   86.4/min  elapsed 5m29s  eta 1h00m
[##--------------------------] 500/5670 (  8.8%)   86.9/min  elapsed 5m45s  eta 59m29s
[##--------------------------] 525/5670 (  9.3%)   87.8/min  elapsed 5m58s  eta 58m35s
[##--------------------------] 550/5670 (  9.7%)   87.2/min  elapsed 6m18s  eta 58m43s
[##--------------------------] 575/5670 ( 10.1%)   87.0/min  elapsed 6m36s  eta 58m34s
[##--------------------------] 600/5670 ( 10.6%)   85.6/min  elapsed 7m00s  eta 59m13s
[###-------------------------] 625/5670 ( 11.0%)   85.6/min  elapsed 7m18s  eta 58m55s
[###-------------------------] 650/5670 ( 11.5%)   86.5/min  elapsed 7m30s  eta 58m00s
[###-------------------------] 675/5670 ( 11.9%)   87.6/min  elapsed 7m42s  eta 57m02s
[###-------------------------] 700/5670 ( 12.3%)   88.4/min  elapsed 7m55s  eta 56m13s
[###-------------------------] 725/5670 ( 12.8%)   89.3/min  elapsed 8m07s  eta 55m21s
[###-------------------------] 750/5670 ( 13.2%)   89.7/min  elapsed 8m21s  eta 54m51s
[###-------------------------] 775/5670 ( 13.7%)   89.8/min  elapsed 8m37s  eta 54m30s
[###-------------------------] 800/5670 ( 14.1%)   89.9/min  elapsed 8m53s  eta 54m08s
[####------------------------] 825/5670 ( 14.6%)   89.7/min  elapsed 9m11s  eta 53m59s
[####------------------------] 850/5670 ( 15.0%)   90.3/min  elapsed 9m24s  eta 53m21s
[####------------------------] 875/5670 ( 15.4%)   90.6/min  elapsed 9m39s  eta 52m55s
[####------------------------] 900/5670 ( 15.9%)   90.5/min  elapsed 9m56s  eta 52m42s
[####------------------------] 925/5670 ( 16.3%)   90.3/min  elapsed 10m14s  eta 52m34s
[####------------------------] 950/5670 ( 16.8%)   89.6/min  elapsed 10m36s  eta 52m41s
[####------------------------] 975/5670 ( 17.2%)   89.3/min  elapsed 10m55s  eta 52m35s
[####------------------------] 1000/5670 ( 17.6%)   89.2/min  elapsed 11m12s  eta 52m20s
[#####-----------------------] 1025/5670 ( 18.1%)   89.4/min  elapsed 11m27s  eta 51m57s
[#####-----------------------] 1050/5670 ( 18.5%)   90.0/min  elapsed 11m40s  eta 51m20s
[#####-----------------------] 1075/5670 ( 19.0%)   90.6/min  elapsed 11m52s  eta 50m44s
[#####-----------------------] 1100/5670 ( 19.4%)   90.9/min  elapsed 12m06s  eta 50m17s
[#####-----------------------] 1125/5670 ( 19.8%)   91.4/min  elapsed 12m18s  eta 49m43s
[#####-----------------------] 1150/5670 ( 20.3%)   91.5/min  elapsed 12m33s  eta 49m22s
[#####-----------------------] 1175/5670 ( 20.7%)   91.6/min  elapsed 12m49s  eta 49m03s
[#####-----------------------] 1200/5670 ( 21.2%)   91.6/min  elapsed 13m05s  eta 48m46s
[######----------------------] 1225/5670 ( 21.6%)   91.8/min  elapsed 13m20s  eta 48m25s
[######----------------------] 1250/5670 ( 22.0%)   91.8/min  elapsed 13m37s  eta 48m09s
[######----------------------] 1275/5670 ( 22.5%)   91.9/min  elapsed 13m52s  eta 47m50s
[######----------------------] 1300/5670 ( 22.9%)   92.2/min  elapsed 14m05s  eta 47m23s
[######----------------------] 1325/5670 ( 23.4%)   92.2/min  elapsed 14m21s  eta 47m06s
[######----------------------] 1350/5670 ( 23.8%)   92.4/min  elapsed 14m36s  eta 46m45s
[######----------------------] 1375/5670 ( 24.3%)   92.0/min  elapsed 14m56s  eta 46m39s
[######----------------------] 1400/5670 ( 24.7%)   91.9/min  elapsed 15m14s  eta 46m28s
[#######---------------------] 1425/5670 ( 25.1%)   92.1/min  elapsed 15m28s  eta 46m06s
[#######---------------------] 1450/5670 ( 25.6%)   92.1/min  elapsed 15m44s  eta 45m47s
[#######---------------------] 1475/5670 ( 26.0%)   92.1/min  elapsed 16m01s  eta 45m34s
[#######---------------------] 1500/5670 ( 26.5%)   92.1/min  elapsed 16m16s  eta 45m15s
[#######---------------------] 1525/5670 ( 26.9%)   91.6/min  elapsed 16m38s  eta 45m13s
[#######---------------------] 1550/5670 ( 27.3%)   91.8/min  elapsed 16m52s  eta 44m51s
[#######---------------------] 1575/5670 ( 27.8%)   91.9/min  elapsed 17m08s  eta 44m33s
[#######---------------------] 1600/5670 ( 28.2%)   92.1/min  elapsed 17m22s  eta 44m12s
[########--------------------] 1625/5670 ( 28.7%)   91.9/min  elapsed 17m41s  eta 44m01s
[########--------------------] 1650/5670 ( 29.1%)   92.0/min  elapsed 17m56s  eta 43m42s
[########--------------------] 1675/5670 ( 29.5%)   91.8/min  elapsed 18m14s  eta 43m31s
[########--------------------] 1700/5670 ( 30.0%)   91.8/min  elapsed 18m30s  eta 43m13s
[########--------------------] 1725/5670 ( 30.4%)   92.0/min  elapsed 18m44s  eta 42m51s
[########--------------------] 1750/5670 ( 30.9%)   92.4/min  elapsed 18m56s  eta 42m26s
[########--------------------] 1775/5670 ( 31.3%)   92.5/min  elapsed 19m10s  eta 42m05s
[########--------------------] 1800/5670 ( 31.7%)   92.5/min  elapsed 19m27s  eta 41m50s
[#########-------------------] 1825/5670 ( 32.2%)   91.8/min  elapsed 19m52s  eta 41m52s
[#########-------------------] 1850/5670 ( 32.6%)   91.9/min  elapsed 20m08s  eta 41m34s
[#########-------------------] 1875/5670 ( 33.1%)   91.8/min  elapsed 20m24s  eta 41m19s
[#########-------------------] 1900/5670 ( 33.5%)   91.7/min  elapsed 20m43s  eta 41m07s
[#########-------------------] 1925/5670 ( 34.0%)   91.8/min  elapsed 20m58s  eta 40m47s
[#########-------------------] 1950/5670 ( 34.4%)   91.8/min  elapsed 21m14s  eta 40m31s
[#########-------------------] 1975/5670 ( 34.8%)   91.6/min  elapsed 21m33s  eta 40m20s
[#########-------------------] 2000/5670 ( 35.3%)   91.7/min  elapsed 21m49s  eta 40m02s
[##########------------------] 2025/5670 ( 35.7%)   91.6/min  elapsed 22m06s  eta 39m47s
[##########------------------] 2050/5670 ( 36.2%)   91.9/min  elapsed 22m19s  eta 39m24s
[##########------------------] 2075/5670 ( 36.6%)   92.0/min  elapsed 22m33s  eta 39m04s
[##########------------------] 2100/5670 ( 37.0%)   92.3/min  elapsed 22m45s  eta 38m41s
[##########------------------] 2125/5670 ( 37.5%)   92.5/min  elapsed 22m58s  eta 38m18s
[##########------------------] 2150/5670 ( 37.9%)   92.5/min  elapsed 23m15s  eta 38m04s
[##########------------------] 2175/5670 ( 38.4%)   92.2/min  elapsed 23m35s  eta 37m55s
[##########------------------] 2200/5670 ( 38.8%)   91.9/min  elapsed 23m55s  eta 37m44s
[##########------------------] 2225/5670 ( 39.2%)   91.6/min  elapsed 24m17s  eta 37m37s
[###########-----------------] 2250/5670 ( 39.7%)   91.6/min  elapsed 24m34s  eta 37m20s
[###########-----------------] 2275/5670 ( 40.1%)   91.6/min  elapsed 24m50s  eta 37m03s
[###########-----------------] 2300/5670 ( 40.6%)   91.6/min  elapsed 25m06s  eta 36m47s
[###########-----------------] 2325/5670 ( 41.0%)   91.7/min  elapsed 25m21s  eta 36m28s
[###########-----------------] 2350/5670 ( 41.4%)   91.6/min  elapsed 25m38s  eta 36m13s
[###########-----------------] 2375/5670 ( 41.9%)   91.8/min  elapsed 25m52s  eta 35m54s
[###########-----------------] 2400/5670 ( 42.3%)   91.7/min  elapsed 26m09s  eta 35m38s
[###########-----------------] 2425/5670 ( 42.8%)   91.8/min  elapsed 26m24s  eta 35m19s
[############----------------] 2450/5670 ( 43.2%)   92.2/min  elapsed 26m34s  eta 34m55s
[############----------------] 2475/5670 ( 43.7%)   92.4/min  elapsed 26m46s  eta 34m33s
[############----------------] 2500/5670 ( 44.1%)   92.4/min  elapsed 27m02s  eta 34m17s
[############----------------] 2525/5670 ( 44.5%)   92.4/min  elapsed 27m19s  eta 34m01s
[############----------------] 2550/5670 ( 45.0%)   92.4/min  elapsed 27m36s  eta 33m47s
[############----------------] 2575/5670 ( 45.4%)   92.4/min  elapsed 27m51s  eta 33m28s
[############----------------] 2600/5670 ( 45.9%)   92.5/min  elapsed 28m07s  eta 33m12s
[############----------------] 2625/5670 ( 46.3%)   92.4/min  elapsed 28m24s  eta 32m56s
[#############---------------] 2650/5670 ( 46.7%)   92.6/min  elapsed 28m37s  eta 32m37s
[#############---------------] 2675/5670 ( 47.2%)   92.6/min  elapsed 28m52s  eta 32m19s
[#############---------------] 2700/5670 ( 47.6%)   92.5/min  elapsed 29m10s  eta 32m05s
[#############---------------] 2725/5670 ( 48.1%)   92.5/min  elapsed 29m27s  eta 31m50s
[#############---------------] 2750/5670 ( 48.5%)   92.5/min  elapsed 29m43s  eta 31m33s
[#############---------------] 2775/5670 ( 48.9%)   92.7/min  elapsed 29m56s  eta 31m14s
[#############---------------] 2800/5670 ( 49.4%)   92.8/min  elapsed 30m10s  eta 30m55s
[#############---------------] 2825/5670 ( 49.8%)   92.9/min  elapsed 30m24s  eta 30m37s
[##############--------------] 2850/5670 ( 50.3%)   93.2/min  elapsed 30m35s  eta 30m16s
[##############--------------] 2875/5670 ( 50.7%)   93.4/min  elapsed 30m47s  eta 29m55s
[##############--------------] 2900/5670 ( 51.1%)   93.0/min  elapsed 31m10s  eta 29m46s
[##############--------------] 2925/5670 ( 51.6%)   92.8/min  elapsed 31m31s  eta 29m35s
[##############--------------] 2950/5670 ( 52.0%)   92.7/min  elapsed 31m49s  eta 29m20s
[##############--------------] 2975/5670 ( 52.5%)   92.7/min  elapsed 32m05s  eta 29m03s
[##############--------------] 3000/5670 ( 52.9%)   92.8/min  elapsed 32m20s  eta 28m47s
[##############--------------] 3025/5670 ( 53.4%)   92.7/min  elapsed 32m38s  eta 28m32s
[###############-------------] 3050/5670 ( 53.8%)   92.7/min  elapsed 32m55s  eta 28m16s
[###############-------------] 3075/5670 ( 54.2%)   92.6/min  elapsed 33m12s  eta 28m01s
[###############-------------] 3100/5670 ( 54.7%)   92.6/min  elapsed 33m28s  eta 27m44s
[###############-------------] 3125/5670 ( 55.1%)   92.6/min  elapsed 33m44s  eta 27m28s
[###############-------------] 3150/5670 ( 55.6%)   92.8/min  elapsed 33m57s  eta 27m10s
[###############-------------] 3175/5670 ( 56.0%)   93.0/min  elapsed 34m08s  eta 26m50s
[###############-------------] 3200/5670 ( 56.4%)   93.0/min  elapsed 34m25s  eta 26m34s
[###############-------------] 3225/5670 ( 56.9%)   93.3/min  elapsed 34m35s  eta 26m13s
[################------------] 3250/5670 ( 57.3%)   93.3/min  elapsed 34m51s  eta 25m57s
[################------------] 3275/5670 ( 57.8%)   93.3/min  elapsed 35m05s  eta 25m39s
[################------------] 3300/5670 ( 58.2%)   93.1/min  elapsed 35m26s  eta 25m27s
[################------------] 3325/5670 ( 58.6%)   92.6/min  elapsed 35m54s  eta 25m19s
[################------------] 3350/5670 ( 59.1%)   92.5/min  elapsed 36m13s  eta 25m05s
[################------------] 3375/5670 ( 59.5%)   92.5/min  elapsed 36m29s  eta 24m49s
[################------------] 3400/5670 ( 60.0%)   92.6/min  elapsed 36m43s  eta 24m31s
[################------------] 3425/5670 ( 60.4%)   92.6/min  elapsed 36m59s  eta 24m14s
[#################-----------] 3450/5670 ( 60.8%)   92.5/min  elapsed 37m17s  eta 23m59s
[#################-----------] 3475/5670 ( 61.3%)   92.5/min  elapsed 37m33s  eta 23m43s
[#################-----------] 3500/5670 ( 61.7%)   92.5/min  elapsed 37m49s  eta 23m26s
[#################-----------] 3525/5670 ( 62.2%)   92.7/min  elapsed 38m02s  eta 23m08s
[#################-----------] 3550/5670 ( 62.6%)   92.9/min  elapsed 38m13s  eta 22m49s
[#################-----------] 3575/5670 ( 63.1%)   93.0/min  elapsed 38m26s  eta 22m31s
[#################-----------] 3600/5670 ( 63.5%)   93.1/min  elapsed 38m40s  eta 22m14s
[#################-----------] 3625/5670 ( 63.9%)   93.1/min  elapsed 38m55s  eta 21m57s
[##################----------] 3650/5670 ( 64.4%)   93.1/min  elapsed 39m12s  eta 21m41s
[##################----------] 3675/5670 ( 64.8%)   93.0/min  elapsed 39m31s  eta 21m27s
[##################----------] 3700/5670 ( 65.3%)   92.6/min  elapsed 39m57s  eta 21m16s
[##################----------] 3725/5670 ( 65.7%)   92.7/min  elapsed 40m11s  eta 20m59s
[##################----------] 3750/5670 ( 66.1%)   92.7/min  elapsed 40m27s  eta 20m42s
[##################----------] 3775/5670 ( 66.6%)   92.6/min  elapsed 40m47s  eta 20m28s
[##################----------] 3800/5670 ( 67.0%)   92.6/min  elapsed 41m02s  eta 20m11s
[##################----------] 3825/5670 ( 67.5%)   92.6/min  elapsed 41m18s  eta 19m55s
[###################---------] 3850/5670 ( 67.9%)   92.6/min  elapsed 41m33s  eta 19m38s
[###################---------] 3875/5670 ( 68.3%)   92.6/min  elapsed 41m50s  eta 19m23s
[###################---------] 3900/5670 ( 68.8%)   92.8/min  elapsed 42m01s  eta 19m04s
[###################---------] 3925/5670 ( 69.2%)   93.0/min  elapsed 42m12s  eta 18m46s
[###################---------] 3950/5670 ( 69.7%)   93.1/min  elapsed 42m25s  eta 18m28s
[###################---------] 3975/5670 ( 70.1%)   93.1/min  elapsed 42m41s  eta 18m12s
[###################---------] 4000/5670 ( 70.5%)   93.2/min  elapsed 42m55s  eta 17m55s
[###################---------] 4025/5670 ( 71.0%)   93.2/min  elapsed 43m10s  eta 17m38s
[####################--------] 4050/5670 ( 71.4%)   93.2/min  elapsed 43m26s  eta 17m22s
[####################--------] 4075/5670 ( 71.9%)   93.2/min  elapsed 43m42s  eta 17m06s
[####################--------] 4100/5670 ( 72.3%)   93.1/min  elapsed 44m01s  eta 16m51s
[####################--------] 4125/5670 ( 72.8%)   93.1/min  elapsed 44m18s  eta 16m35s
[####################--------] 4150/5670 ( 73.2%)   92.6/min  elapsed 44m48s  eta 16m24s
[####################--------] 4175/5670 ( 73.6%)   92.7/min  elapsed 45m03s  eta 16m08s
[####################--------] 4200/5670 ( 74.1%)   92.7/min  elapsed 45m18s  eta 15m51s
[####################--------] 4225/5670 ( 74.5%)   92.8/min  elapsed 45m32s  eta 15m34s
[####################--------] 4250/5670 ( 75.0%)   92.9/min  elapsed 45m43s  eta 15m16s
[#####################-------] 4275/5670 ( 75.4%)   93.1/min  elapsed 45m55s  eta 14m59s
[#####################-------] 4300/5670 ( 75.8%)   93.2/min  elapsed 46m08s  eta 14m42s
[#####################-------] 4325/5670 ( 76.3%)   93.3/min  elapsed 46m22s  eta 14m25s
[#####################-------] 4350/5670 ( 76.7%)   93.2/min  elapsed 46m41s  eta 14m10s
[#####################-------] 4375/5670 ( 77.2%)   93.2/min  elapsed 46m57s  eta 13m54s
[#####################-------] 4400/5670 ( 77.6%)   93.1/min  elapsed 47m15s  eta 13m38s
[#####################-------] 4425/5670 ( 78.0%)   93.2/min  elapsed 47m29s  eta 13m21s
[#####################-------] 4450/5670 ( 78.5%)   93.1/min  elapsed 47m47s  eta 13m06s
[######################------] 4475/5670 ( 78.9%)   93.0/min  elapsed 48m07s  eta 12m51s
[######################------] 4500/5670 ( 79.4%)   92.9/min  elapsed 48m26s  eta 12m35s
[######################------] 4525/5670 ( 79.8%)   92.7/min  elapsed 48m47s  eta 12m20s
[######################------] 4550/5670 ( 80.2%)   92.5/min  elapsed 49m10s  eta 12m06s
[######################------] 4575/5670 ( 80.7%)   92.4/min  elapsed 49m30s  eta 11m50s
[######################------] 4600/5670 ( 81.1%)   92.6/min  elapsed 49m41s  eta 11m33s
[######################------] 4625/5670 ( 81.6%)   92.7/min  elapsed 49m52s  eta 11m16s
[######################------] 4650/5670 ( 82.0%)   92.8/min  elapsed 50m06s  eta 10m59s
[#######################-----] 4675/5670 ( 82.5%)   92.9/min  elapsed 50m18s  eta 10m42s
[#######################-----] 4700/5670 ( 82.9%)   92.9/min  elapsed 50m34s  eta 10m26s
[#######################-----] 4725/5670 ( 83.3%)   92.9/min  elapsed 50m51s  eta 10m10s
[#######################-----] 4750/5670 ( 83.8%)   92.9/min  elapsed 51m09s  eta 9m54s
[#######################-----] 4775/5670 ( 84.2%)   92.9/min  elapsed 51m25s  eta 9m38s
[#######################-----] 4800/5670 ( 84.7%)   92.8/min  elapsed 51m42s  eta 9m22s
[#######################-----] 4825/5670 ( 85.1%)   92.8/min  elapsed 51m59s  eta 9m06s
[#######################-----] 4850/5670 ( 85.5%)   92.7/min  elapsed 52m18s  eta 8m50s
[########################----] 4875/5670 ( 86.0%)   92.7/min  elapsed 52m34s  eta 8m34s
[########################----] 4900/5670 ( 86.4%)   92.6/min  elapsed 52m55s  eta 8m19s
[########################----] 4925/5670 ( 86.9%)   92.4/min  elapsed 53m19s  eta 8m03s
[########################----] 4950/5670 ( 87.3%)   92.4/min  elapsed 53m34s  eta 7m47s
[########################----] 4975/5670 ( 87.7%)   92.4/min  elapsed 53m49s  eta 7m31s
[########################----] 5000/5670 ( 88.2%)   92.5/min  elapsed 54m02s  eta 7m14s
[########################----] 5025/5670 ( 88.6%)   92.7/min  elapsed 54m12s  eta 6m57s
[########################----] 5050/5670 ( 89.1%)   92.7/min  elapsed 54m28s  eta 6m41s
[#########################---] 5075/5670 ( 89.5%)   92.7/min  elapsed 54m45s  eta 6m25s
[#########################---] 5100/5670 ( 89.9%)   92.7/min  elapsed 55m00s  eta 6m08s
[#########################---] 5125/5670 ( 90.4%)   92.6/min  elapsed 55m21s  eta 5m53s
[#########################---] 5150/5670 ( 90.8%)   92.6/min  elapsed 55m36s  eta 5m36s
[#########################---] 5175/5670 ( 91.3%)   92.6/min  elapsed 55m53s  eta 5m20s
[#########################---] 5200/5670 ( 91.7%)   92.6/min  elapsed 56m10s  eta 5m04s
[#########################---] 5225/5670 ( 92.2%)   92.5/min  elapsed 56m27s  eta 4m48s
[#########################---] 5250/5670 ( 92.6%)   92.5/min  elapsed 56m46s  eta 4m32s
[##########################--] 5275/5670 ( 93.0%)   92.4/min  elapsed 57m03s  eta 4m16s
[##########################--] 5300/5670 ( 93.5%)   92.4/min  elapsed 57m20s  eta 4m00s
[##########################--] 5325/5670 ( 93.9%)   92.6/min  elapsed 57m31s  eta 3m43s
[##########################--] 5350/5670 ( 94.4%)   92.6/min  elapsed 57m44s  eta 3m27s
[##########################--] 5375/5670 ( 94.8%)   92.8/min  elapsed 57m56s  eta 3m10s
[##########################--] 5400/5670 ( 95.2%)   92.9/min  elapsed 58m08s  eta 2m54s
[##########################--] 5425/5670 ( 95.7%)   92.8/min  elapsed 58m26s  eta 2m38s
[##########################--] 5450/5670 ( 96.1%)   92.8/min  elapsed 58m44s  eta 2m22s
[###########################-] 5475/5670 ( 96.6%)   92.8/min  elapsed 58m58s  eta 2m06s
[###########################-] 5500/5670 ( 97.0%)   92.9/min  elapsed 59m13s  eta 1m49s
[###########################-] 5525/5670 ( 97.4%)   92.9/min  elapsed 59m29s  eta 1m33s
[###########################-] 5550/5670 ( 97.9%)   92.8/min  elapsed 59m47s  eta 1m17s
[###########################-] 5575/5670 ( 98.3%)   92.7/min  elapsed 1h00m  eta 1m01s
[###########################-] 5600/5670 ( 98.8%)   92.7/min  elapsed 1h00m  eta 0m45s
[###########################-] 5625/5670 ( 99.2%)   92.7/min  elapsed 1h00m  eta 0m29s
[###########################-] 5650/5670 ( 99.6%)   92.8/min  elapsed 1h00m  eta 0m12s
[############################] 5670/5670 (100.0%)   92.9/min  elapsed 1h01m  eta 0m00s
Done -> /opt/modeling/zhoughton/misc/representation-separability/data/artificial_language_grid.csv
