Loaded 41095 sentences from data/ud/en_all-ud.conllu
POSABL	model=znhoughton/opt-babylm-1.3B-20eps-seed964	init=pretrained_noposemb	zeroed=decoder.embed_positions[1026x2048]	drift=0.000e+00
Loaded 41095 sentences from data/ud/en_all-ud.conllu
POSABL	model=znhoughton/opt-babylm-1.3B-20eps-seed964	init=pretrained_noposemb	zeroed=decoder.embed_positions[1026x2048]	drift=0.000e+00
    znhoughton/opt-babylm-1.3B-20eps-seed964 [pretrained_noposemb]:   2.2%  6611/300000 tokens  70 tok/s  eta 69m27s
    znhoughton/opt-babylm-1.3B-20eps-seed964 [pretrained_noposemb]:   3.6%  10857/300000 tokens  70 tok/s  eta 68m57s
    znhoughton/opt-babylm-1.3B-20eps-seed964 [pretrained_noposemb]:   5.8%  17480/300000 tokens  75 tok/s  eta 62m29s
    znhoughton/opt-babylm-1.3B-20eps-seed964 [pretrained_noposemb]:   7.9%  23745/300000 tokens  79 tok/s  eta 58m32s
    znhoughton/opt-babylm-1.3B-20eps-seed964 [pretrained_noposemb]:  10.1%  30232/300000 tokens  81 tok/s  eta 55m38s
    znhoughton/opt-babylm-1.3B-20eps-seed964 [pretrained_noposemb]:  12.3%  36919/300000 tokens  82 tok/s  eta 53m37s
    znhoughton/opt-babylm-1.3B-20eps-seed964 [pretrained_noposemb]:  14.3%  42920/300000 tokens  82 tok/s  eta 52m12s
    znhoughton/opt-babylm-1.3B-20eps-seed964 [pretrained_noposemb]:  16.5%  49367/300000 tokens  82 tok/s  eta 51m02s
    znhoughton/opt-babylm-1.3B-20eps-seed964 [pretrained_noposemb]:  18.8%  56273/300000 tokens  82 tok/s  eta 49m25s
    znhoughton/opt-babylm-1.3B-20eps-seed964 [pretrained_noposemb]:  21.8%  65442/300000 tokens  86 tok/s  eta 45m11s
    znhoughton/opt-babylm-1.3B-20eps-seed964 [pretrained_noposemb]:  24.8%  74543/300000 tokens  90 tok/s  eta 41m55s
    znhoughton/opt-babylm-1.3B-20eps-seed964 [pretrained_noposemb]:  27.7%  83208/300000 tokens  92 tok/s  eta 39m13s
    znhoughton/opt-babylm-1.3B-20eps-seed964 [pretrained_noposemb]:  30.8%  92367/300000 tokens  93 tok/s  eta 37m13s
    znhoughton/opt-babylm-1.3B-20eps-seed964 [pretrained_noposemb]:  33.5%  100516/300000 tokens  94 tok/s  eta 35m22s
    znhoughton/opt-babylm-1.3B-20eps-seed964 [pretrained_noposemb]:  35.7%  106978/300000 tokens  94 tok/s  eta 34m13s
    znhoughton/opt-babylm-1.3B-20eps-seed964 [pretrained_noposemb]:  37.2%  111567/300000 tokens  93 tok/s  eta 33m44s
    znhoughton/opt-babylm-1.3B-20eps-seed964 [pretrained_noposemb]:  39.5%  118480/300000 tokens  94 tok/s  eta 32m19s
    znhoughton/opt-babylm-1.3B-20eps-seed964 [pretrained_noposemb]:  41.7%  125134/300000 tokens  94 tok/s  eta 31m04s
    znhoughton/opt-babylm-1.3B-20eps-seed964 [pretrained_noposemb]:  43.9%  131615/300000 tokens  92 tok/s  eta 30m24s
    znhoughton/opt-babylm-1.3B-20eps-seed964 [pretrained_noposemb]:  45.3%  135930/300000 tokens  91 tok/s  eta 30m10s
    znhoughton/opt-babylm-1.3B-20eps-seed964 [pretrained_noposemb]:  47.6%  142875/300000 tokens  90 tok/s  eta 29m14s
    znhoughton/opt-babylm-1.3B-20eps-seed964 [pretrained_noposemb]:  50.0%  150014/300000 tokens  90 tok/s  eta 27m43s
    znhoughton/opt-babylm-1.3B-20eps-seed964 [pretrained_noposemb]:  53.6%  160752/300000 tokens  88 tok/s  eta 26m17s
    znhoughton/opt-babylm-1.3B-20eps-seed964 [pretrained_noposemb]:  55.8%  167418/300000 tokens  87 tok/s  eta 25m21s
    znhoughton/opt-babylm-1.3B-20eps-seed964 [pretrained_noposemb]:  56.7%  170001/300000 tokens  86 tok/s  eta 25m15s
    znhoughton/opt-babylm-1.3B-20eps-seed964 [pretrained_noposemb]:  58.8%  176293/300000 tokens  85 tok/s  eta 24m18s
    znhoughton/opt-babylm-1.3B-20eps-seed964 [pretrained_noposemb]:  61.0%  182908/300000 tokens  84 tok/s  eta 23m05s
    znhoughton/opt-babylm-1.3B-20eps-seed964 [pretrained_noposemb]:  63.2%  189480/300000 tokens  83 tok/s  eta 22m08s
    znhoughton/opt-babylm-1.3B-20eps-seed964 [pretrained_noposemb]:  64.6%  193931/300000 tokens  83 tok/s  eta 21m23s
    znhoughton/opt-babylm-1.3B-20eps-seed964 [pretrained_noposemb]:  66.1%  198432/300000 tokens  82 tok/s  eta 20m39s
    znhoughton/opt-babylm-1.3B-20eps-seed964 [pretrained_noposemb]:  69.1%  207222/300000 tokens  83 tok/s  eta 18m36s
    znhoughton/opt-babylm-1.3B-20eps-seed964 [pretrained_noposemb]:  72.6%  217901/300000 tokens  85 tok/s  eta 16m05s
    znhoughton/opt-babylm-1.3B-20eps-seed964 [pretrained_noposemb]:  75.4%  226112/300000 tokens  86 tok/s  eta 14m24s
    znhoughton/opt-babylm-1.3B-20eps-seed964 [pretrained_noposemb]:  79.0%  236974/300000 tokens  87 tok/s  eta 12m02s
    znhoughton/opt-babylm-1.3B-20eps-seed964 [pretrained_noposemb]:  82.9%  248592/300000 tokens  89 tok/s  eta 9m37s
    znhoughton/opt-babylm-1.3B-20eps-seed964 [pretrained_noposemb]:  86.3%  259043/300000 tokens  91 tok/s  eta 7m32s
    znhoughton/opt-babylm-1.3B-20eps-seed964 [pretrained_noposemb]:  89.3%  267902/300000 tokens  92 tok/s  eta 5m50s
    znhoughton/opt-babylm-1.3B-20eps-seed964 [pretrained_noposemb]:  92.2%  276629/300000 tokens  93 tok/s  eta 4m12s
    znhoughton/opt-babylm-1.3B-20eps-seed964 [pretrained_noposemb]:  95.3%  285826/300000 tokens  94 tok/s  eta 2m31s
    znhoughton/opt-babylm-1.3B-20eps-seed964 [pretrained_noposemb]:  98.3%  295012/300000 tokens  95 tok/s  eta 0m52s
    znhoughton/opt-babylm-1.3B-20eps-seed964 [pretrained_noposemb]: 100.0%  300000/300000 tokens  95 tok/s  eta 0m00s
    znhoughton/opt-babylm-1.3B-20eps-seed964 [pretrained_noposemb]: extraction done, compressing 61 GB to znhoughton__opt-babylm-1.3B-20eps-seed964__pretrained_noposemb.npz (single-threaded, GPU idle, expect many minutes)
    znhoughton/opt-babylm-1.3B-20eps-seed964 [pretrained_noposemb]: compressed in 118.5 min -> 56.8 GB
  [pretrained] znhoughton/opt-babylm-1.3B-20eps-seed964 (babylm/1.3b): streamed 300000 tokens -> data/llm_reps/znhoughton__opt-babylm-1.3B-20eps-seed964__pretrained_noposemb.npz
POSABL	model=znhoughton/opt-babylm-1.3B-20eps-seed964	init=random_noposemb	zeroed=decoder.embed_positions[1026x2048]	drift=0.000e+00
    znhoughton/opt-babylm-1.3B-20eps-seed964 [random_noposemb]:   3.6%  10857/300000 tokens  66 tok/s  eta 73m02s
    znhoughton/opt-babylm-1.3B-20eps-seed964 [random_noposemb]:   5.8%  17480/300000 tokens  76 tok/s  eta 62m18s
    znhoughton/opt-babylm-1.3B-20eps-seed964 [random_noposemb]:   7.9%  23745/300000 tokens  81 tok/s  eta 56m42s
    znhoughton/opt-babylm-1.3B-20eps-seed964 [random_noposemb]:  10.8%  32550/300000 tokens  90 tok/s  eta 49m20s
    znhoughton/opt-babylm-1.3B-20eps-seed964 [random_noposemb]:  13.7%  41104/300000 tokens  97 tok/s  eta 44m20s
    znhoughton/opt-babylm-1.3B-20eps-seed964 [random_noposemb]:  16.5%  49367/300000 tokens  99 tok/s  eta 42m19s
    znhoughton/opt-babylm-1.3B-20eps-seed964 [random_noposemb]:  19.5%  58486/300000 tokens  104 tok/s  eta 38m34s
    znhoughton/opt-babylm-1.3B-20eps-seed964 [random_noposemb]:  22.6%  67907/300000 tokens  105 tok/s  eta 36m46s
    znhoughton/opt-babylm-1.3B-20eps-seed964 [random_noposemb]:  24.8%  74543/300000 tokens  103 tok/s  eta 36m37s
    znhoughton/opt-babylm-1.3B-20eps-seed964 [random_noposemb]:  27.0%  80964/300000 tokens  93 tok/s  eta 39m24s
    znhoughton/opt-babylm-1.3B-20eps-seed964 [random_noposemb]:  29.3%  87967/300000 tokens  92 tok/s  eta 38m33s
    znhoughton/opt-babylm-1.3B-20eps-seed964 [random_noposemb]:  31.5%  94484/300000 tokens  92 tok/s  eta 37m25s
    znhoughton/opt-babylm-1.3B-20eps-seed964 [random_noposemb]:  33.5%  100516/300000 tokens  92 tok/s  eta 36m18s
    znhoughton/opt-babylm-1.3B-20eps-seed964 [random_noposemb]:  35.0%  104915/300000 tokens  89 tok/s  eta 36m32s
    znhoughton/opt-babylm-1.3B-20eps-seed964 [random_noposemb]:  37.2%  111567/300000 tokens  90 tok/s  eta 34m54s
    znhoughton/opt-babylm-1.3B-20eps-seed964 [random_noposemb]:  38.7%  116056/300000 tokens  89 tok/s  eta 34m37s
    znhoughton/opt-babylm-1.3B-20eps-seed964 [random_noposemb]:  41.0%  122995/300000 tokens  89 tok/s  eta 33m15s
    znhoughton/opt-babylm-1.3B-20eps-seed964 [random_noposemb]:  43.9%  131615/300000 tokens  89 tok/s  eta 31m35s
    znhoughton/opt-babylm-1.3B-20eps-seed964 [random_noposemb]:  46.1%  138220/300000 tokens  88 tok/s  eta 30m42s
    znhoughton/opt-babylm-1.3B-20eps-seed964 [random_noposemb]:  48.3%  144975/300000 tokens  86 tok/s  eta 30m11s
    znhoughton/opt-babylm-1.3B-20eps-seed964 [random_noposemb]:  50.0%  150014/300000 tokens  85 tok/s  eta 29m22s
    znhoughton/opt-babylm-1.3B-20eps-seed964 [random_noposemb]:  52.2%  156696/300000 tokens  85 tok/s  eta 28m10s
    znhoughton/opt-babylm-1.3B-20eps-seed964 [random_noposemb]:  54.3%  162855/300000 tokens  85 tok/s  eta 26m59s
    znhoughton/opt-babylm-1.3B-20eps-seed964 [random_noposemb]:  57.3%  172033/300000 tokens  86 tok/s  eta 24m52s
    znhoughton/opt-babylm-1.3B-20eps-seed964 [random_noposemb]:  59.5%  178455/300000 tokens  86 tok/s  eta 23m28s
    znhoughton/opt-babylm-1.3B-20eps-seed964 [random_noposemb]:  61.7%  184990/300000 tokens  87 tok/s  eta 22m05s
    znhoughton/opt-babylm-1.3B-20eps-seed964 [random_noposemb]:  63.9%  191725/300000 tokens  85 tok/s  eta 21m12s
    znhoughton/opt-babylm-1.3B-20eps-seed964 [random_noposemb]:  64.6%  193931/300000 tokens  82 tok/s  eta 21m36s
    znhoughton/opt-babylm-1.3B-20eps-seed964 [random_noposemb]:  65.4%  196218/300000 tokens  80 tok/s  eta 21m39s
    znhoughton/opt-babylm-1.3B-20eps-seed964 [random_noposemb]:  67.7%  203028/300000 tokens  80 tok/s  eta 20m12s
    znhoughton/opt-babylm-1.3B-20eps-seed964 [random_noposemb]:  70.5%  211502/300000 tokens  81 tok/s  eta 18m11s
    znhoughton/opt-babylm-1.3B-20eps-seed964 [random_noposemb]:  74.6%  223904/300000 tokens  84 tok/s  eta 15m10s
    znhoughton/opt-babylm-1.3B-20eps-seed964 [random_noposemb]:  78.2%  234703/300000 tokens  86 tok/s  eta 12m43s
    znhoughton/opt-babylm-1.3B-20eps-seed964 [random_noposemb]:  82.1%  246178/300000 tokens  88 tok/s  eta 10m13s
    znhoughton/opt-babylm-1.3B-20eps-seed964 [random_noposemb]:  85.7%  257145/300000 tokens  89 tok/s  eta 8m00s
    znhoughton/opt-babylm-1.3B-20eps-seed964 [random_noposemb]:  89.3%  267902/300000 tokens  91 tok/s  eta 5m52s
    znhoughton/opt-babylm-1.3B-20eps-seed964 [random_noposemb]:  93.7%  281169/300000 tokens  93 tok/s  eta 3m22s
    znhoughton/opt-babylm-1.3B-20eps-seed964 [random_noposemb]:  97.6%  292757/300000 tokens  95 tok/s  eta 1m16s
    znhoughton/opt-babylm-1.3B-20eps-seed964 [random_noposemb]: 100.0%  300000/300000 tokens  96 tok/s  eta 0m00s
    znhoughton/opt-babylm-1.3B-20eps-seed964 [random_noposemb]: extraction done, compressing 61 GB to znhoughton__opt-babylm-1.3B-20eps-seed964__random_noposemb.npz (single-threaded, GPU idle, expect many minutes)
