SKIP EleutherAI__pythia-1.4b__pretrained.npz: already in llm_unified_form_ablation.csv
SKIP EleutherAI__pythia-1.4b__random.npz: already in llm_unified_form_ablation.csv
SKIP EleutherAI__pythia-160m__pretrained.npz: already in llm_unified_form_ablation.csv
SKIP EleutherAI__pythia-160m__random.npz: already in llm_unified_form_ablation.csv
SKIP EleutherAI__pythia-410m__pretrained.npz: already in llm_unified_form_ablation.csv
SKIP EleutherAI__pythia-410m__random.npz: already in llm_unified_form_ablation.csv
SKIP znhoughton__opt-babylm-1.3B-20eps-seed964__pretrained.npz: already in llm_unified_form_ablation.csv
SKIP znhoughton__opt-babylm-1.3B-20eps-seed964__random.npz: already in llm_unified_form_ablation.csv
SKIP znhoughton__opt-babylm-125m-20eps-seed964__pretrained.npz: already in llm_unified_form_ablation.csv
SKIP znhoughton__opt-babylm-125m-20eps-seed964__random.npz: already in llm_unified_form_ablation.csv
SKIP znhoughton__opt-babylm-350m-20eps-seed964__pretrained.npz: already in llm_unified_form_ablation.csv
SKIP znhoughton__opt-babylm-350m-20eps-seed964__random.npz: already in llm_unified_form_ablation.csv
measuring 6 files with 6 workers (~72GB peak worst-case)
  !! znhoughton__opt-babylm-125m-20eps-seed964__random_noposemb.npz failed: RuntimeError('znhoughton/opt-babylm-125m-20eps-seed964: re-derived labels do not align with the saved reps')
  !! znhoughton__opt-babylm-1.3B-20eps-seed964__random_noposemb.npz failed: RuntimeError('znhoughton/opt-babylm-1.3B-20eps-seed964: re-derived labels do not align with the saved reps')
  !! znhoughton__opt-babylm-125m-20eps-seed964__pretrained_noposemb.npz failed: RuntimeError('znhoughton/opt-babylm-125m-20eps-seed964: re-derived labels do not align with the saved reps')
  !! znhoughton__opt-babylm-350m-20eps-seed964__random_noposemb.npz failed: RuntimeError('znhoughton/opt-babylm-350m-20eps-seed964: re-derived labels do not align with the saved reps')
  !! znhoughton__opt-babylm-350m-20eps-seed964__pretrained_noposemb.npz failed: RuntimeError('znhoughton/opt-babylm-350m-20eps-seed964: re-derived labels do not align with the saved reps')
  !! znhoughton__opt-babylm-1.3B-20eps-seed964__pretrained_noposemb.npz failed: RuntimeError('znhoughton/opt-babylm-1.3B-20eps-seed964: re-derived labels do not align with the saved reps')
Done -> data/llm_unified_form_ablation.csv
measuring NOUN nsubj/obj on 18 files, 6 workers
                 pythia-160m [random] L 0: nsubj/obj sz_int=0.002 leak_i>c=nan n_items=49
                 pythia-160m [pretrained] L 0: nsubj/obj sz_int=0.001 leak_i>c=nan n_items=49
                 pythia-410m [pretrained] L 0: nsubj/obj sz_int=0.001 leak_i>c=nan n_items=49
                 pythia-410m [random] L 0: nsubj/obj sz_int=0.002 leak_i>c=nan n_items=49
                 pythia-160m [random] L 1: nsubj/obj sz_int=0.006 leak_i>c=nan n_items=49
                 pythia-160m [pretrained] L 1: nsubj/obj sz_int=0.007 leak_i>c=nan n_items=49
                 pythia-1.4b [pretrained] L 0: nsubj/obj sz_int=0.001 leak_i>c=nan n_items=49
                 pythia-1.4b [random] L 0: nsubj/obj sz_int=0.002 leak_i>c=nan n_items=49
                 pythia-410m [random] L 1: nsubj/obj sz_int=0.005 leak_i>c=nan n_items=49
                 pythia-160m [random] L 2: nsubj/obj sz_int=0.008 leak_i>c=nan n_items=49
                 pythia-410m [pretrained] L 1: nsubj/obj sz_int=0.004 leak_i>c=nan n_items=49
                 pythia-160m [random] L 3: nsubj/obj sz_int=0.010 leak_i>c=nan n_items=49
                 pythia-410m [random] L 2: nsubj/obj sz_int=0.008 leak_i>c=nan n_items=49
                 pythia-160m [pretrained] L 2: nsubj/obj sz_int=0.013 leak_i>c=nan n_items=49
                 pythia-160m [random] L 4: nsubj/obj sz_int=0.011 leak_i>c=nan n_items=49
                 pythia-1.4b [random] L 1: nsubj/obj sz_int=0.006 leak_i>c=nan n_items=49
                 pythia-410m [random] L 3: nsubj/obj sz_int=0.009 leak_i>c=nan n_items=49
                 pythia-410m [pretrained] L 2: nsubj/obj sz_int=0.009 leak_i>c=nan n_items=49
                 pythia-160m [pretrained] L 3: nsubj/obj sz_int=0.020 leak_i>c=nan n_items=49
                 pythia-160m [random] L 5: nsubj/obj sz_int=0.012 leak_i>c=nan n_items=49
                 pythia-410m [random] L 4: nsubj/obj sz_int=0.011 leak_i>c=nan n_items=49
                 pythia-1.4b [pretrained] L 1: nsubj/obj sz_int=0.006 leak_i>c=nan n_items=49
                 pythia-160m [random] L 6: nsubj/obj sz_int=0.014 leak_i>c=nan n_items=49
                 pythia-160m [pretrained] L 4: nsubj/obj sz_int=0.032 leak_i>c=0.0048 n_items=49
                 pythia-410m [pretrained] L 3: nsubj/obj sz_int=0.014 leak_i>c=nan n_items=49
                 pythia-1.4b [random] L 2: nsubj/obj sz_int=0.008 leak_i>c=nan n_items=49
                 pythia-410m [random] L 5: nsubj/obj sz_int=0.012 leak_i>c=nan n_items=49
                 pythia-160m [random] L 7: nsubj/obj sz_int=0.014 leak_i>c=nan n_items=49
                 pythia-160m [pretrained] L 5: nsubj/obj sz_int=0.033 leak_i>c=0.0048 n_items=49
                 pythia-160m [random] L 8: nsubj/obj sz_int=0.015 leak_i>c=nan n_items=49
                 pythia-410m [random] L 6: nsubj/obj sz_int=0.013 leak_i>c=nan n_items=49
                 pythia-410m [pretrained] L 4: nsubj/obj sz_int=0.016 leak_i>c=nan n_items=49
                 pythia-160m [random] L 9: nsubj/obj sz_int=0.016 leak_i>c=nan n_items=49
                 pythia-160m [pretrained] L 6: nsubj/obj sz_int=0.040 leak_i>c=0.0110 n_items=49
                 pythia-1.4b [random] L 3: nsubj/obj sz_int=0.010 leak_i>c=nan n_items=49
                 pythia-1.4b [pretrained] L 2: nsubj/obj sz_int=0.013 leak_i>c=nan n_items=49
                 pythia-410m [random] L 7: nsubj/obj sz_int=0.014 leak_i>c=nan n_items=49
                 pythia-160m [random] L10: nsubj/obj sz_int=0.016 leak_i>c=nan n_items=49
                 pythia-410m [pretrained] L 5: nsubj/obj sz_int=0.020 leak_i>c=nan n_items=49
                 pythia-160m [pretrained] L 7: nsubj/obj sz_int=0.041 leak_i>c=0.0071 n_items=49
                 pythia-410m [random] L 8: nsubj/obj sz_int=0.014 leak_i>c=nan n_items=49
                 pythia-160m [random] L11: nsubj/obj sz_int=0.017 leak_i>c=nan n_items=49
                 pythia-1.4b [random] L 4: nsubj/obj sz_int=0.011 leak_i>c=nan n_items=49
                 pythia-160m [random] L12: nsubj/obj sz_int=0.016 leak_i>c=nan n_items=49
  wrote 13 rows for EleutherAI__pythia-160m__random.npz
                 pythia-410m [random] L 9: nsubj/obj sz_int=0.015 leak_i>c=nan n_items=49
                 pythia-160m [pretrained] L 8: nsubj/obj sz_int=0.045 leak_i>c=0.0039 n_items=49
                 pythia-410m [pretrained] L 6: nsubj/obj sz_int=0.029 leak_i>c=0.0045 n_items=49
                 pythia-1.4b [pretrained] L 3: nsubj/obj sz_int=0.021 leak_i>c=nan n_items=49
                 pythia-410m [random] L10: nsubj/obj sz_int=0.016 leak_i>c=nan n_items=49
                 pythia-160m [pretrained] L 9: nsubj/obj sz_int=0.052 leak_i>c=0.0027 n_items=49
                 pythia-1.4b [random] L 5: nsubj/obj sz_int=0.012 leak_i>c=nan n_items=49
                 pythia-410m [pretrained] L 7: nsubj/obj sz_int=0.035 leak_i>c=0.0062 n_items=49
                 pythia-410m [random] L11: nsubj/obj sz_int=0.016 leak_i>c=nan n_items=49
                 pythia-160m [pretrained] L10: nsubj/obj sz_int=0.068 leak_i>c=0.0043 n_items=49
                 pythia-410m [random] L12: nsubj/obj sz_int=0.017 leak_i>c=nan n_items=49
                 pythia-410m [pretrained] L 8: nsubj/obj sz_int=0.039 leak_i>c=0.0048 n_items=49
                 pythia-160m [pretrained] L11: nsubj/obj sz_int=0.087 leak_i>c=0.0041 n_items=49
  opt-babylm-1.3B-20eps-seed964 [pretrained] L 0: nsubj/obj sz_int=0.005 leak_i>c=nan n_items=49
                 pythia-1.4b [random] L 6: nsubj/obj sz_int=0.013 leak_i>c=nan n_items=49
                 pythia-1.4b [pretrained] L 4: nsubj/obj sz_int=0.029 leak_i>c=nan n_items=49
                 pythia-410m [random] L13: nsubj/obj sz_int=0.018 leak_i>c=nan n_items=49
                 pythia-160m [pretrained] L12: nsubj/obj sz_int=0.093 leak_i>c=0.0049 n_items=49
  wrote 13 rows for EleutherAI__pythia-160m__pretrained.npz
                 pythia-410m [pretrained] L 9: nsubj/obj sz_int=0.040 leak_i>c=0.0050 n_items=49
  !! znhoughton__opt-babylm-1.3B-20eps-seed964__pretrained_noposemb.npz failed: RuntimeError('znhoughton/opt-babylm-1.3B-20eps-seed964: ALIGNMENT MISMATCH (32075/300000 upos match) -- order not reproduced')
                 pythia-410m [random] L14: nsubj/obj sz_int=0.018 leak_i>c=nan n_items=49
                 pythia-1.4b [random] L 7: nsubj/obj sz_int=0.014 leak_i>c=nan n_items=49
                 pythia-410m [random] L15: nsubj/obj sz_int=0.019 leak_i>c=nan n_items=49
                 pythia-410m [pretrained] L10: nsubj/obj sz_int=0.042 leak_i>c=0.0044 n_items=49
  opt-babylm-1.3B-20eps-seed964 [pretrained] L 1: nsubj/obj sz_int=0.016 leak_i>c=nan n_items=49
                 pythia-1.4b [pretrained] L 5: nsubj/obj sz_int=0.034 leak_i>c=0.0026 n_items=49
                 pythia-410m [random] L16: nsubj/obj sz_int=0.019 leak_i>c=nan n_items=49
                 pythia-1.4b [random] L 8: nsubj/obj sz_int=0.015 leak_i>c=nan n_items=49
                 pythia-410m [pretrained] L11: nsubj/obj sz_int=0.042 leak_i>c=0.0042 n_items=49
  opt-babylm-1.3B-20eps-seed964 [random] L 0: nsubj/obj sz_int=0.005 leak_i>c=nan n_items=49
                 pythia-410m [random] L17: nsubj/obj sz_int=0.019 leak_i>c=nan n_items=49
                 pythia-410m [random] L18: nsubj/obj sz_int=0.020 leak_i>c=nan n_items=49
                 pythia-410m [pretrained] L12: nsubj/obj sz_int=0.042 leak_i>c=0.0044 n_items=49
  opt-babylm-1.3B-20eps-seed964 [pretrained] L 2: nsubj/obj sz_int=0.015 leak_i>c=nan n_items=49
                 pythia-1.4b [random] L 9: nsubj/obj sz_int=0.015 leak_i>c=nan n_items=49
                 pythia-1.4b [pretrained] L 6: nsubj/obj sz_int=0.039 leak_i>c=0.0026 n_items=49
                 pythia-410m [random] L19: nsubj/obj sz_int=0.020 leak_i>c=nan n_items=49
                 pythia-410m [pretrained] L13: nsubj/obj sz_int=0.042 leak_i>c=0.0039 n_items=49
  opt-babylm-1.3B-20eps-seed964 [random] L 1: nsubj/obj sz_int=0.094 leak_i>c=0.0255 n_items=49
                 pythia-410m [random] L20: nsubj/obj sz_int=0.021 leak_i>c=nan n_items=49
                 pythia-1.4b [random] L10: nsubj/obj sz_int=0.016 leak_i>c=nan n_items=49
                 pythia-410m [random] L21: nsubj/obj sz_int=0.021 leak_i>c=nan n_items=49
                 pythia-410m [pretrained] L14: nsubj/obj sz_int=0.043 leak_i>c=0.0065 n_items=49
  opt-babylm-1.3B-20eps-seed964 [pretrained] L 3: nsubj/obj sz_int=0.017 leak_i>c=nan n_items=49
                 pythia-1.4b [pretrained] L 7: nsubj/obj sz_int=0.043 leak_i>c=0.0026 n_items=49
                 pythia-410m [random] L22: nsubj/obj sz_int=0.021 leak_i>c=nan n_items=49
                 pythia-1.4b [random] L11: nsubj/obj sz_int=0.016 leak_i>c=nan n_items=49
                 pythia-410m [pretrained] L15: nsubj/obj sz_int=0.044 leak_i>c=0.0029 n_items=49
  opt-babylm-1.3B-20eps-seed964 [random] L 2: nsubj/obj sz_int=0.099 leak_i>c=0.0282 n_items=49
                 pythia-410m [random] L23: nsubj/obj sz_int=0.022 leak_i>c=nan n_items=49
                 pythia-410m [random] L24: nsubj/obj sz_int=0.021 leak_i>c=nan n_items=49
  wrote 25 rows for EleutherAI__pythia-410m__random.npz
                 pythia-410m [pretrained] L16: nsubj/obj sz_int=0.046 leak_i>c=0.0025 n_items=49
  opt-babylm-1.3B-20eps-seed964 [pretrained] L 4: nsubj/obj sz_int=0.021 leak_i>c=0.0016 n_items=49
  !! znhoughton__opt-babylm-1.3B-20eps-seed964__random_noposemb.npz failed: RuntimeError('znhoughton/opt-babylm-1.3B-20eps-seed964: ALIGNMENT MISMATCH (32075/300000 upos match) -- order not reproduced')
                 pythia-1.4b [random] L12: nsubj/obj sz_int=0.017 leak_i>c=nan n_items=49
                 pythia-1.4b [pretrained] L 8: nsubj/obj sz_int=0.046 leak_i>c=0.0025 n_items=49
                 pythia-410m [pretrained] L17: nsubj/obj sz_int=0.049 leak_i>c=0.0033 n_items=49
  opt-babylm-1.3B-20eps-seed964 [random] L 3: nsubj/obj sz_int=0.103 leak_i>c=0.0332 n_items=49
  opt-babylm-125m-20eps-seed964 [pretrained] L 0: nsubj/obj sz_int=0.005 leak_i>c=nan n_items=49
                 pythia-1.4b [random] L13: nsubj/obj sz_int=0.017 leak_i>c=nan n_items=49
  opt-babylm-125m-20eps-seed964 [pretrained] L 1: nsubj/obj sz_int=0.006 leak_i>c=nan n_items=49
                 pythia-410m [pretrained] L18: nsubj/obj sz_int=0.058 leak_i>c=0.0072 n_items=49
  opt-babylm-1.3B-20eps-seed964 [pretrained] L 5: nsubj/obj sz_int=0.024 leak_i>c=0.0013 n_items=49
                 pythia-1.4b [pretrained] L 9: nsubj/obj sz_int=0.046 leak_i>c=0.0021 n_items=49
  opt-babylm-125m-20eps-seed964 [pretrained] L 2: nsubj/obj sz_int=0.005 leak_i>c=nan n_items=49
                 pythia-1.4b [random] L14: nsubj/obj sz_int=0.018 leak_i>c=nan n_items=49
  opt-babylm-1.3B-20eps-seed964 [random] L 4: nsubj/obj sz_int=0.105 leak_i>c=0.0327 n_items=49
                 pythia-410m [pretrained] L19: nsubj/obj sz_int=0.066 leak_i>c=0.0128 n_items=49
  opt-babylm-125m-20eps-seed964 [pretrained] L 3: nsubj/obj sz_int=0.005 leak_i>c=nan n_items=49
                 pythia-410m [pretrained] L20: nsubj/obj sz_int=0.075 leak_i>c=0.0178 n_items=49
  opt-babylm-1.3B-20eps-seed964 [pretrained] L 6: nsubj/obj sz_int=0.026 leak_i>c=0.0013 n_items=49
  opt-babylm-125m-20eps-seed964 [pretrained] L 4: nsubj/obj sz_int=0.007 leak_i>c=nan n_items=49
                 pythia-1.4b [random] L15: nsubj/obj sz_int=0.018 leak_i>c=nan n_items=49
                 pythia-1.4b [pretrained] L10: nsubj/obj sz_int=0.047 leak_i>c=0.0022 n_items=49
  opt-babylm-125m-20eps-seed964 [pretrained] L 5: nsubj/obj sz_int=0.011 leak_i>c=0.0020 n_items=49
  opt-babylm-1.3B-20eps-seed964 [random] L 5: nsubj/obj sz_int=0.107 leak_i>c=0.0339 n_items=49
                 pythia-410m [pretrained] L21: nsubj/obj sz_int=0.084 leak_i>c=0.0099 n_items=49
                 pythia-1.4b [random] L16: nsubj/obj sz_int=0.019 leak_i>c=nan n_items=49
  opt-babylm-125m-20eps-seed964 [pretrained] L 6: nsubj/obj sz_int=0.015 leak_i>c=0.0018 n_items=49
                 pythia-410m [pretrained] L22: nsubj/obj sz_int=0.093 leak_i>c=0.0035 n_items=49
  opt-babylm-1.3B-20eps-seed964 [pretrained] L 7: nsubj/obj sz_int=0.028 leak_i>c=0.0011 n_items=49
                 pythia-1.4b [pretrained] L11: nsubj/obj sz_int=0.046 leak_i>c=0.0019 n_items=49
  opt-babylm-125m-20eps-seed964 [pretrained] L 7: nsubj/obj sz_int=0.017 leak_i>c=0.0015 n_items=49
                 pythia-1.4b [random] L17: nsubj/obj sz_int=0.019 leak_i>c=nan n_items=49
  opt-babylm-1.3B-20eps-seed964 [random] L 6: nsubj/obj sz_int=0.110 leak_i>c=0.0345 n_items=49
                 pythia-410m [pretrained] L23: nsubj/obj sz_int=0.091 leak_i>c=0.0041 n_items=49
  opt-babylm-125m-20eps-seed964 [pretrained] L 8: nsubj/obj sz_int=0.021 leak_i>c=0.0019 n_items=49
  opt-babylm-125m-20eps-seed964 [pretrained] L 9: nsubj/obj sz_int=0.026 leak_i>c=0.0022 n_items=49
                 pythia-410m [pretrained] L24: nsubj/obj sz_int=0.087 leak_i>c=0.0047 n_items=49
  wrote 25 rows for EleutherAI__pythia-410m__pretrained.npz
  opt-babylm-1.3B-20eps-seed964 [pretrained] L 8: nsubj/obj sz_int=0.029 leak_i>c=0.0012 n_items=49
                 pythia-1.4b [random] L18: nsubj/obj sz_int=0.019 leak_i>c=nan n_items=49
  !! znhoughton__opt-babylm-125m-20eps-seed964__pretrained_noposemb.npz failed: RuntimeError('znhoughton/opt-babylm-125m-20eps-seed964: ALIGNMENT MISMATCH (29685/300000 upos match) -- order not reproduced')
                 pythia-1.4b [pretrained] L12: nsubj/obj sz_int=0.045 leak_i>c=0.0016 n_items=49
  opt-babylm-125m-20eps-seed964 [pretrained] L10: nsubj/obj sz_int=0.032 leak_i>c=0.0030 n_items=49
  opt-babylm-1.3B-20eps-seed964 [random] L 7: nsubj/obj sz_int=0.112 leak_i>c=0.0357 n_items=49
  opt-babylm-125m-20eps-seed964 [random] L 0: nsubj/obj sz_int=0.006 leak_i>c=nan n_items=49
  opt-babylm-125m-20eps-seed964 [pretrained] L11: nsubj/obj sz_int=0.040 leak_i>c=0.0040 n_items=49
                 pythia-1.4b [random] L19: nsubj/obj sz_int=0.019 leak_i>c=nan n_items=49
  opt-babylm-1.3B-20eps-seed964 [pretrained] L 9: nsubj/obj sz_int=0.031 leak_i>c=0.0013 n_items=49
  opt-babylm-125m-20eps-seed964 [random] L 1: nsubj/obj sz_int=0.063 leak_i>c=0.0218 n_items=49
  opt-babylm-125m-20eps-seed964 [pretrained] L12: nsubj/obj sz_int=0.046 leak_i>c=0.0038 n_items=49
  wrote 13 rows for znhoughton__opt-babylm-125m-20eps-seed964__pretrained.npz
                 pythia-1.4b [pretrained] L13: nsubj/obj sz_int=0.047 leak_i>c=0.0014 n_items=49
  !! znhoughton__opt-babylm-125m-20eps-seed964__random_noposemb.npz failed: RuntimeError('znhoughton/opt-babylm-125m-20eps-seed964: ALIGNMENT MISMATCH (29685/300000 upos match) -- order not reproduced')
                 pythia-1.4b [random] L20: nsubj/obj sz_int=0.020 leak_i>c=nan n_items=49
  opt-babylm-125m-20eps-seed964 [random] L 2: nsubj/obj sz_int=0.071 leak_i>c=0.0281 n_items=49
  opt-babylm-1.3B-20eps-seed964 [random] L 8: nsubj/obj sz_int=0.113 leak_i>c=0.0363 n_items=49
  opt-babylm-125m-20eps-seed964 [random] L 3: nsubj/obj sz_int=0.076 leak_i>c=0.0308 n_items=49
  opt-babylm-350m-20eps-seed964 [pretrained] L 0: nsubj/obj sz_int=0.002 leak_i>c=nan n_items=49
  opt-babylm-1.3B-20eps-seed964 [pretrained] L10: nsubj/obj sz_int=0.032 leak_i>c=0.0014 n_items=49
                 pythia-1.4b [random] L21: nsubj/obj sz_int=0.020 leak_i>c=nan n_items=49
  opt-babylm-125m-20eps-seed964 [random] L 4: nsubj/obj sz_int=0.081 leak_i>c=0.0347 n_items=49
                 pythia-1.4b [pretrained] L14: nsubj/obj sz_int=0.049 leak_i>c=0.0019 n_items=49
  opt-babylm-350m-20eps-seed964 [pretrained] L 1: nsubj/obj sz_int=0.002 leak_i>c=nan n_items=49
  opt-babylm-1.3B-20eps-seed964 [random] L 9: nsubj/obj sz_int=0.114 leak_i>c=0.0371 n_items=49
  opt-babylm-125m-20eps-seed964 [random] L 5: nsubj/obj sz_int=0.084 leak_i>c=0.0358 n_items=49
                 pythia-1.4b [random] L22: nsubj/obj sz_int=0.021 leak_i>c=nan n_items=49
  opt-babylm-350m-20eps-seed964 [pretrained] L 2: nsubj/obj sz_int=0.003 leak_i>c=nan n_items=49
  opt-babylm-125m-20eps-seed964 [random] L 6: nsubj/obj sz_int=0.085 leak_i>c=0.0373 n_items=49
  opt-babylm-1.3B-20eps-seed964 [pretrained] L11: nsubj/obj sz_int=0.034 leak_i>c=0.0014 n_items=49
                 pythia-1.4b [pretrained] L15: nsubj/obj sz_int=0.053 leak_i>c=0.0023 n_items=49
  opt-babylm-125m-20eps-seed964 [random] L 7: nsubj/obj sz_int=0.089 leak_i>c=0.0380 n_items=49
  opt-babylm-350m-20eps-seed964 [pretrained] L 3: nsubj/obj sz_int=0.003 leak_i>c=nan n_items=49
  opt-babylm-1.3B-20eps-seed964 [random] L10: nsubj/obj sz_int=0.115 leak_i>c=0.0381 n_items=49
                 pythia-1.4b [random] L23: nsubj/obj sz_int=0.021 leak_i>c=nan n_items=49
  opt-babylm-125m-20eps-seed964 [random] L 8: nsubj/obj sz_int=0.091 leak_i>c=0.0355 n_items=49
  opt-babylm-350m-20eps-seed964 [pretrained] L 4: nsubj/obj sz_int=0.004 leak_i>c=nan n_items=49
  opt-babylm-1.3B-20eps-seed964 [pretrained] L12: nsubj/obj sz_int=0.036 leak_i>c=0.0015 n_items=49
                 pythia-1.4b [random] L24: nsubj/obj sz_int=0.021 leak_i>c=nan n_items=49
  wrote 25 rows for EleutherAI__pythia-1.4b__random.npz
  opt-babylm-125m-20eps-seed964 [random] L 9: nsubj/obj sz_int=0.091 leak_i>c=0.0356 n_items=49
                 pythia-1.4b [pretrained] L16: nsubj/obj sz_int=0.057 leak_i>c=0.0030 n_items=49
  !! znhoughton__opt-babylm-350m-20eps-seed964__pretrained_noposemb.npz failed: RuntimeError('znhoughton/opt-babylm-350m-20eps-seed964: ALIGNMENT MISMATCH (30692/300000 upos match) -- order not reproduced')
  opt-babylm-350m-20eps-seed964 [pretrained] L 5: nsubj/obj sz_int=0.004 leak_i>c=nan n_items=49
  opt-babylm-1.3B-20eps-seed964 [random] L11: nsubj/obj sz_int=0.115 leak_i>c=0.0394 n_items=49
  opt-babylm-125m-20eps-seed964 [random] L10: nsubj/obj sz_int=0.091 leak_i>c=0.0356 n_items=49
  opt-babylm-350m-20eps-seed964 [random] L 0: nsubj/obj sz_int=0.005 leak_i>c=nan n_items=49
  opt-babylm-125m-20eps-seed964 [random] L11: nsubj/obj sz_int=0.090 leak_i>c=0.0362 n_items=49
  opt-babylm-350m-20eps-seed964 [pretrained] L 6: nsubj/obj sz_int=0.004 leak_i>c=nan n_items=49
  opt-babylm-1.3B-20eps-seed964 [pretrained] L13: nsubj/obj sz_int=0.039 leak_i>c=0.0014 n_items=49
                 pythia-1.4b [pretrained] L17: nsubj/obj sz_int=0.063 leak_i>c=0.0028 n_items=49
  opt-babylm-125m-20eps-seed964 [random] L12: nsubj/obj sz_int=0.092 leak_i>c=0.0356 n_items=49
  wrote 13 rows for znhoughton__opt-babylm-125m-20eps-seed964__random.npz
  opt-babylm-350m-20eps-seed964 [random] L 1: nsubj/obj sz_int=0.006 leak_i>c=nan n_items=49
  !! znhoughton__opt-babylm-350m-20eps-seed964__random_noposemb.npz failed: RuntimeError('znhoughton/opt-babylm-350m-20eps-seed964: ALIGNMENT MISMATCH (30692/300000 upos match) -- order not reproduced')
  opt-babylm-350m-20eps-seed964 [pretrained] L 7: nsubj/obj sz_int=0.005 leak_i>c=nan n_items=49
  opt-babylm-1.3B-20eps-seed964 [random] L12: nsubj/obj sz_int=0.116 leak_i>c=0.0402 n_items=49
  opt-babylm-350m-20eps-seed964 [random] L 2: nsubj/obj sz_int=0.008 leak_i>c=nan n_items=49
  opt-babylm-350m-20eps-seed964 [pretrained] L 8: nsubj/obj sz_int=0.005 leak_i>c=nan n_items=49
  opt-babylm-1.3B-20eps-seed964 [pretrained] L14: nsubj/obj sz_int=0.041 leak_i>c=0.0014 n_items=49
                 pythia-1.4b [pretrained] L18: nsubj/obj sz_int=0.069 leak_i>c=0.0033 n_items=49
  opt-babylm-1.3B-20eps-seed964 [random] L13: nsubj/obj sz_int=0.116 leak_i>c=0.0400 n_items=49
  opt-babylm-350m-20eps-seed964 [random] L 3: nsubj/obj sz_int=0.010 leak_i>c=nan n_items=49
  opt-babylm-350m-20eps-seed964 [pretrained] L 9: nsubj/obj sz_int=0.005 leak_i>c=nan n_items=49
  opt-babylm-350m-20eps-seed964 [random] L 4: nsubj/obj sz_int=0.010 leak_i>c=nan n_items=49
  opt-babylm-350m-20eps-seed964 [pretrained] L10: nsubj/obj sz_int=0.005 leak_i>c=nan n_items=49
  opt-babylm-1.3B-20eps-seed964 [pretrained] L15: nsubj/obj sz_int=0.043 leak_i>c=0.0014 n_items=49
                 pythia-1.4b [pretrained] L19: nsubj/obj sz_int=0.074 leak_i>c=0.0034 n_items=49
  opt-babylm-1.3B-20eps-seed964 [random] L14: nsubj/obj sz_int=0.117 leak_i>c=0.0391 n_items=49
  opt-babylm-350m-20eps-seed964 [random] L 5: nsubj/obj sz_int=0.012 leak_i>c=nan n_items=49
  opt-babylm-350m-20eps-seed964 [pretrained] L11: nsubj/obj sz_int=0.005 leak_i>c=nan n_items=49
  opt-babylm-1.3B-20eps-seed964 [pretrained] L16: nsubj/obj sz_int=0.046 leak_i>c=0.0015 n_items=49
  opt-babylm-350m-20eps-seed964 [random] L 6: nsubj/obj sz_int=0.013 leak_i>c=nan n_items=49
  opt-babylm-350m-20eps-seed964 [pretrained] L12: nsubj/obj sz_int=0.005 leak_i>c=nan n_items=49
                 pythia-1.4b [pretrained] L20: nsubj/obj sz_int=0.080 leak_i>c=0.0037 n_items=49
  opt-babylm-1.3B-20eps-seed964 [random] L15: nsubj/obj sz_int=0.117 leak_i>c=0.0397 n_items=49
  opt-babylm-350m-20eps-seed964 [pretrained] L13: nsubj/obj sz_int=0.005 leak_i>c=nan n_items=49
  opt-babylm-350m-20eps-seed964 [random] L 7: nsubj/obj sz_int=0.014 leak_i>c=nan n_items=49
  opt-babylm-350m-20eps-seed964 [pretrained] L14: nsubj/obj sz_int=0.005 leak_i>c=nan n_items=49
  opt-babylm-1.3B-20eps-seed964 [pretrained] L17: nsubj/obj sz_int=0.048 leak_i>c=0.0015 n_items=49
  opt-babylm-350m-20eps-seed964 [random] L 8: nsubj/obj sz_int=0.015 leak_i>c=nan n_items=49
                 pythia-1.4b [pretrained] L21: nsubj/obj sz_int=0.086 leak_i>c=0.0037 n_items=49
  opt-babylm-1.3B-20eps-seed964 [random] L16: nsubj/obj sz_int=0.117 leak_i>c=0.0410 n_items=49
  opt-babylm-350m-20eps-seed964 [pretrained] L15: nsubj/obj sz_int=0.004 leak_i>c=nan n_items=49
  opt-babylm-350m-20eps-seed964 [random] L 9: nsubj/obj sz_int=0.017 leak_i>c=nan n_items=49
  opt-babylm-1.3B-20eps-seed964 [pretrained] L18: nsubj/obj sz_int=0.051 leak_i>c=0.0014 n_items=49
  opt-babylm-350m-20eps-seed964 [pretrained] L16: nsubj/obj sz_int=0.004 leak_i>c=nan n_items=49
  opt-babylm-350m-20eps-seed964 [random] L10: nsubj/obj sz_int=0.018 leak_i>c=nan n_items=49
                 pythia-1.4b [pretrained] L22: nsubj/obj sz_int=0.090 leak_i>c=0.0052 n_items=49
  opt-babylm-1.3B-20eps-seed964 [random] L17: nsubj/obj sz_int=0.116 leak_i>c=0.0419 n_items=49
  opt-babylm-350m-20eps-seed964 [pretrained] L17: nsubj/obj sz_int=0.004 leak_i>c=nan n_items=49
  opt-babylm-350m-20eps-seed964 [random] L11: nsubj/obj sz_int=0.019 leak_i>c=0.0084 n_items=49
  opt-babylm-1.3B-20eps-seed964 [pretrained] L19: nsubj/obj sz_int=0.054 leak_i>c=0.0016 n_items=49
  opt-babylm-350m-20eps-seed964 [pretrained] L18: nsubj/obj sz_int=0.004 leak_i>c=nan n_items=49
  opt-babylm-350m-20eps-seed964 [random] L12: nsubj/obj sz_int=0.020 leak_i>c=0.0069 n_items=49
                 pythia-1.4b [pretrained] L23: nsubj/obj sz_int=0.099 leak_i>c=0.0060 n_items=49
  opt-babylm-1.3B-20eps-seed964 [random] L18: nsubj/obj sz_int=0.116 leak_i>c=0.0414 n_items=49
  opt-babylm-350m-20eps-seed964 [pretrained] L19: nsubj/obj sz_int=0.005 leak_i>c=nan n_items=49
  opt-babylm-350m-20eps-seed964 [random] L13: nsubj/obj sz_int=0.022 leak_i>c=0.0070 n_items=49
  opt-babylm-1.3B-20eps-seed964 [pretrained] L20: nsubj/obj sz_int=0.058 leak_i>c=0.0015 n_items=49
  opt-babylm-350m-20eps-seed964 [pretrained] L20: nsubj/obj sz_int=0.008 leak_i>c=nan n_items=49
  opt-babylm-350m-20eps-seed964 [random] L14: nsubj/obj sz_int=0.024 leak_i>c=0.0083 n_items=49
                 pythia-1.4b [pretrained] L24: nsubj/obj sz_int=0.094 leak_i>c=0.0062 n_items=49
  wrote 25 rows for EleutherAI__pythia-1.4b__pretrained.npz
  opt-babylm-1.3B-20eps-seed964 [random] L19: nsubj/obj sz_int=0.118 leak_i>c=0.0418 n_items=49
  opt-babylm-350m-20eps-seed964 [pretrained] L21: nsubj/obj sz_int=0.016 leak_i>c=0.0019 n_items=49
  opt-babylm-350m-20eps-seed964 [random] L15: nsubj/obj sz_int=0.026 leak_i>c=0.0083 n_items=49
  opt-babylm-1.3B-20eps-seed964 [pretrained] L21: nsubj/obj sz_int=0.061 leak_i>c=0.0016 n_items=49
  opt-babylm-350m-20eps-seed964 [random] L16: nsubj/obj sz_int=0.030 leak_i>c=0.0095 n_items=49
  opt-babylm-350m-20eps-seed964 [pretrained] L22: nsubj/obj sz_int=0.024 leak_i>c=0.0019 n_items=49
  opt-babylm-1.3B-20eps-seed964 [random] L20: nsubj/obj sz_int=0.119 leak_i>c=0.0422 n_items=49
  opt-babylm-350m-20eps-seed964 [pretrained] L23: nsubj/obj sz_int=0.034 leak_i>c=0.0027 n_items=49
  opt-babylm-350m-20eps-seed964 [random] L17: nsubj/obj sz_int=0.033 leak_i>c=0.0113 n_items=49
  opt-babylm-1.3B-20eps-seed964 [pretrained] L22: nsubj/obj sz_int=0.065 leak_i>c=0.0018 n_items=49
  opt-babylm-350m-20eps-seed964 [random] L18: nsubj/obj sz_int=0.035 leak_i>c=0.0118 n_items=49
  opt-babylm-350m-20eps-seed964 [pretrained] L24: nsubj/obj sz_int=0.044 leak_i>c=0.0038 n_items=49
  wrote 25 rows for znhoughton__opt-babylm-350m-20eps-seed964__pretrained.npz
  opt-babylm-1.3B-20eps-seed964 [random] L21: nsubj/obj sz_int=0.119 leak_i>c=0.0419 n_items=49
  opt-babylm-350m-20eps-seed964 [random] L19: nsubj/obj sz_int=0.037 leak_i>c=0.0154 n_items=49
  opt-babylm-1.3B-20eps-seed964 [pretrained] L23: nsubj/obj sz_int=0.069 leak_i>c=0.0021 n_items=49
  opt-babylm-350m-20eps-seed964 [random] L20: nsubj/obj sz_int=0.040 leak_i>c=0.0169 n_items=49
  opt-babylm-1.3B-20eps-seed964 [random] L22: nsubj/obj sz_int=0.121 leak_i>c=0.0424 n_items=49
  opt-babylm-350m-20eps-seed964 [random] L21: nsubj/obj sz_int=0.041 leak_i>c=0.0182 n_items=49
  opt-babylm-350m-20eps-seed964 [random] L22: nsubj/obj sz_int=0.042 leak_i>c=0.0181 n_items=49
  opt-babylm-1.3B-20eps-seed964 [pretrained] L24: nsubj/obj sz_int=0.072 leak_i>c=0.0025 n_items=49
  wrote 25 rows for znhoughton__opt-babylm-1.3B-20eps-seed964__pretrained.npz
  opt-babylm-1.3B-20eps-seed964 [random] L23: nsubj/obj sz_int=0.121 leak_i>c=0.0433 n_items=49
  opt-babylm-350m-20eps-seed964 [random] L23: nsubj/obj sz_int=0.045 leak_i>c=0.0208 n_items=49
  opt-babylm-350m-20eps-seed964 [random] L24: nsubj/obj sz_int=0.048 leak_i>c=0.0220 n_items=49
  wrote 25 rows for znhoughton__opt-babylm-350m-20eps-seed964__random.npz
  opt-babylm-1.3B-20eps-seed964 [random] L24: nsubj/obj sz_int=0.119 leak_i>c=0.0427 n_items=49
  wrote 25 rows for znhoughton__opt-babylm-1.3B-20eps-seed964__random.npz
Done -> data/llm_role_ablation.csv
measuring lit/met on 9 files, 6 workers
                 pythia-160m L 0: lit/met sz_int=0.001 leak_i>c=nan n_items=180
                 pythia-410m L 0: lit/met sz_int=0.001 leak_i>c=nan n_items=180
  opt-babylm-125m-20eps-seed964 L 0: lit/met sz_int=0.001 leak_i>c=nan n_items=180
                 pythia-1.4b L 0: lit/met sz_int=0.001 leak_i>c=nan n_items=180
  opt-babylm-1.3B-20eps-seed964 L 0: lit/met sz_int=0.000 leak_i>c=nan n_items=180
  opt-babylm-1.3B-20eps-seed964 L 0: lit/met sz_int=0.002 leak_i>c=nan n_items=180
                 pythia-160m L 1: lit/met sz_int=0.006 leak_i>c=nan n_items=180
  opt-babylm-125m-20eps-seed964 L 1: lit/met sz_int=0.002 leak_i>c=nan n_items=180
                 pythia-410m L 1: lit/met sz_int=0.003 leak_i>c=nan n_items=180
                 pythia-160m L 2: lit/met sz_int=0.015 leak_i>c=nan n_items=180
  opt-babylm-125m-20eps-seed964 L 2: lit/met sz_int=0.003 leak_i>c=nan n_items=180
                 pythia-1.4b L 1: lit/met sz_int=0.005 leak_i>c=nan n_items=180
                 pythia-410m L 2: lit/met sz_int=0.010 leak_i>c=nan n_items=180
  opt-babylm-1.3B-20eps-seed964 L 1: lit/met sz_int=0.003 leak_i>c=nan n_items=180
  opt-babylm-1.3B-20eps-seed964 L 1: lit/met sz_int=0.004 leak_i>c=nan n_items=180
                 pythia-160m L 3: lit/met sz_int=0.023 leak_i>c=nan n_items=180
  opt-babylm-125m-20eps-seed964 L 3: lit/met sz_int=0.003 leak_i>c=nan n_items=180
                 pythia-410m L 3: lit/met sz_int=0.017 leak_i>c=nan n_items=180
                 pythia-160m L 4: lit/met sz_int=0.032 leak_i>c=nan n_items=180
                 pythia-1.4b L 2: lit/met sz_int=0.012 leak_i>c=nan n_items=180
  opt-babylm-125m-20eps-seed964 L 4: lit/met sz_int=0.005 leak_i>c=nan n_items=180
  opt-babylm-1.3B-20eps-seed964 L 2: lit/met sz_int=0.004 leak_i>c=nan n_items=180
                 pythia-410m L 4: lit/met sz_int=0.022 leak_i>c=nan n_items=180
  opt-babylm-1.3B-20eps-seed964 L 2: lit/met sz_int=0.004 leak_i>c=nan n_items=180
                 pythia-160m L 5: lit/met sz_int=0.034 leak_i>c=nan n_items=180
  opt-babylm-125m-20eps-seed964 L 5: lit/met sz_int=0.007 leak_i>c=nan n_items=180
                 pythia-410m L 5: lit/met sz_int=0.028 leak_i>c=nan n_items=180
                 pythia-1.4b L 3: lit/met sz_int=0.022 leak_i>c=nan n_items=180
                 pythia-160m L 6: lit/met sz_int=0.039 leak_i>c=nan n_items=180
  opt-babylm-125m-20eps-seed964 L 6: lit/met sz_int=0.011 leak_i>c=nan n_items=180
  opt-babylm-1.3B-20eps-seed964 L 3: lit/met sz_int=0.004 leak_i>c=nan n_items=180
  opt-babylm-1.3B-20eps-seed964 L 3: lit/met sz_int=0.006 leak_i>c=nan n_items=180
                 pythia-410m L 6: lit/met sz_int=0.035 leak_i>c=nan n_items=180
                 pythia-160m L 7: lit/met sz_int=0.040 leak_i>c=nan n_items=180
  opt-babylm-125m-20eps-seed964 L 7: lit/met sz_int=0.012 leak_i>c=nan n_items=180
                 pythia-1.4b L 4: lit/met sz_int=0.033 leak_i>c=nan n_items=180
                 pythia-410m L 7: lit/met sz_int=0.041 leak_i>c=nan n_items=180
                 pythia-160m L 8: lit/met sz_int=0.043 leak_i>c=nan n_items=180
  opt-babylm-125m-20eps-seed964 L 8: lit/met sz_int=0.016 leak_i>c=nan n_items=180
  opt-babylm-1.3B-20eps-seed964 L 4: lit/met sz_int=0.005 leak_i>c=nan n_items=180
  opt-babylm-1.3B-20eps-seed964 L 4: lit/met sz_int=0.010 leak_i>c=nan n_items=180
                 pythia-160m L 9: lit/met sz_int=0.046 leak_i>c=nan n_items=180
                 pythia-410m L 8: lit/met sz_int=0.044 leak_i>c=nan n_items=180
  opt-babylm-125m-20eps-seed964 L 9: lit/met sz_int=0.018 leak_i>c=nan n_items=180
                 pythia-1.4b L 5: lit/met sz_int=0.039 leak_i>c=nan n_items=180
  opt-babylm-1.3B-20eps-seed964 L 5: lit/met sz_int=0.006 leak_i>c=nan n_items=180
  opt-babylm-1.3B-20eps-seed964 L 5: lit/met sz_int=0.012 leak_i>c=nan n_items=180
                 pythia-160m L10: lit/met sz_int=0.051 leak_i>c=nan n_items=180
  opt-babylm-125m-20eps-seed964 L10: lit/met sz_int=0.020 leak_i>c=nan n_items=180
                 pythia-410m L 9: lit/met sz_int=0.047 leak_i>c=nan n_items=180
                 pythia-1.4b L 6: lit/met sz_int=0.046 leak_i>c=nan n_items=180
                 pythia-160m L11: lit/met sz_int=0.054 leak_i>c=nan n_items=180
  opt-babylm-125m-20eps-seed964 L11: lit/met sz_int=0.023 leak_i>c=nan n_items=180
                 pythia-410m L10: lit/met sz_int=0.048 leak_i>c=nan n_items=180
  opt-babylm-1.3B-20eps-seed964 L 6: lit/met sz_int=0.007 leak_i>c=nan n_items=180
  opt-babylm-1.3B-20eps-seed964 L 6: lit/met sz_int=0.014 leak_i>c=nan n_items=180
                 pythia-160m L12: lit/met sz_int=0.057 leak_i>c=nan n_items=180
  wrote 13 rows for EleutherAI__pythia-160m__pretrained.npz
  opt-babylm-125m-20eps-seed964 L12: lit/met sz_int=0.025 leak_i>c=nan n_items=180
  wrote 13 rows for znhoughton__opt-babylm-125m-20eps-seed964__pretrained.npz
                 pythia-410m L11: lit/met sz_int=0.049 leak_i>c=nan n_items=180
                 pythia-1.4b L 7: lit/met sz_int=0.051 leak_i>c=nan n_items=180
  opt-babylm-125m-20eps-seed964 L 0: lit/met sz_int=0.000 leak_i>c=nan n_items=180
  opt-babylm-350m-20eps-seed964 L 0: lit/met sz_int=0.000 leak_i>c=nan n_items=180
  opt-babylm-1.3B-20eps-seed964 L 7: lit/met sz_int=0.008 leak_i>c=nan n_items=180
  opt-babylm-1.3B-20eps-seed964 L 7: lit/met sz_int=0.015 leak_i>c=nan n_items=180
                 pythia-410m L12: lit/met sz_int=0.047 leak_i>c=nan n_items=180
  opt-babylm-125m-20eps-seed964 L 1: lit/met sz_int=0.004 leak_i>c=nan n_items=180
                 pythia-1.4b L 8: lit/met sz_int=0.055 leak_i>c=nan n_items=180
  opt-babylm-350m-20eps-seed964 L 1: lit/met sz_int=0.000 leak_i>c=nan n_items=180
                 pythia-410m L13: lit/met sz_int=0.047 leak_i>c=nan n_items=180
  opt-babylm-125m-20eps-seed964 L 2: lit/met sz_int=0.004 leak_i>c=nan n_items=180
  opt-babylm-1.3B-20eps-seed964 L 8: lit/met sz_int=0.016 leak_i>c=nan n_items=180
  opt-babylm-1.3B-20eps-seed964 L 8: lit/met sz_int=0.008 leak_i>c=nan n_items=180
  opt-babylm-350m-20eps-seed964 L 2: lit/met sz_int=0.001 leak_i>c=nan n_items=180
                 pythia-410m L14: lit/met sz_int=0.050 leak_i>c=nan n_items=180
  opt-babylm-125m-20eps-seed964 L 3: lit/met sz_int=0.004 leak_i>c=nan n_items=180
                 pythia-1.4b L 9: lit/met sz_int=0.054 leak_i>c=nan n_items=180
  opt-babylm-350m-20eps-seed964 L 3: lit/met sz_int=0.002 leak_i>c=nan n_items=180
  opt-babylm-1.3B-20eps-seed964 L 9: lit/met sz_int=0.016 leak_i>c=nan n_items=180
  opt-babylm-125m-20eps-seed964 L 4: lit/met sz_int=0.005 leak_i>c=nan n_items=180
  opt-babylm-1.3B-20eps-seed964 L 9: lit/met sz_int=0.009 leak_i>c=nan n_items=180
                 pythia-410m L15: lit/met sz_int=0.048 leak_i>c=nan n_items=180
                 pythia-1.4b L10: lit/met sz_int=0.053 leak_i>c=nan n_items=180
  opt-babylm-350m-20eps-seed964 L 4: lit/met sz_int=0.003 leak_i>c=nan n_items=180
  opt-babylm-125m-20eps-seed964 L 5: lit/met sz_int=0.005 leak_i>c=nan n_items=180
                 pythia-410m L16: lit/met sz_int=0.048 leak_i>c=nan n_items=180
  opt-babylm-350m-20eps-seed964 L 5: lit/met sz_int=0.003 leak_i>c=nan n_items=180
  opt-babylm-1.3B-20eps-seed964 L10: lit/met sz_int=0.017 leak_i>c=nan n_items=180
  opt-babylm-1.3B-20eps-seed964 L10: lit/met sz_int=0.009 leak_i>c=nan n_items=180
  opt-babylm-125m-20eps-seed964 L 6: lit/met sz_int=0.006 leak_i>c=nan n_items=180
                 pythia-410m L17: lit/met sz_int=0.050 leak_i>c=nan n_items=180
                 pythia-1.4b L11: lit/met sz_int=0.053 leak_i>c=nan n_items=180
  opt-babylm-350m-20eps-seed964 L 6: lit/met sz_int=0.004 leak_i>c=nan n_items=180
  opt-babylm-125m-20eps-seed964 L 7: lit/met sz_int=0.007 leak_i>c=nan n_items=180
                 pythia-410m L18: lit/met sz_int=0.052 leak_i>c=nan n_items=180
  opt-babylm-1.3B-20eps-seed964 L11: lit/met sz_int=0.018 leak_i>c=nan n_items=180
  opt-babylm-1.3B-20eps-seed964 L11: lit/met sz_int=0.010 leak_i>c=nan n_items=180
  opt-babylm-350m-20eps-seed964 L 7: lit/met sz_int=0.004 leak_i>c=nan n_items=180
                 pythia-1.4b L12: lit/met sz_int=0.051 leak_i>c=nan n_items=180
  opt-babylm-125m-20eps-seed964 L 8: lit/met sz_int=0.008 leak_i>c=nan n_items=180
                 pythia-410m L19: lit/met sz_int=0.057 leak_i>c=nan n_items=180
  opt-babylm-125m-20eps-seed964 L 9: lit/met sz_int=0.010 leak_i>c=nan n_items=180
  opt-babylm-350m-20eps-seed964 L 8: lit/met sz_int=0.004 leak_i>c=nan n_items=180
  opt-babylm-1.3B-20eps-seed964 L12: lit/met sz_int=0.011 leak_i>c=nan n_items=180
  opt-babylm-1.3B-20eps-seed964 L12: lit/met sz_int=0.019 leak_i>c=nan n_items=180
                 pythia-410m L20: lit/met sz_int=0.063 leak_i>c=nan n_items=180
                 pythia-1.4b L13: lit/met sz_int=0.051 leak_i>c=nan n_items=180
  opt-babylm-125m-20eps-seed964 L10: lit/met sz_int=0.013 leak_i>c=nan n_items=180
  opt-babylm-350m-20eps-seed964 L 9: lit/met sz_int=0.004 leak_i>c=nan n_items=180
                 pythia-410m L21: lit/met sz_int=0.065 leak_i>c=nan n_items=180
  opt-babylm-125m-20eps-seed964 L11: lit/met sz_int=0.015 leak_i>c=nan n_items=180
  opt-babylm-1.3B-20eps-seed964 L13: lit/met sz_int=0.011 leak_i>c=nan n_items=180
  opt-babylm-350m-20eps-seed964 L10: lit/met sz_int=0.004 leak_i>c=nan n_items=180
                 pythia-1.4b L14: lit/met sz_int=0.051 leak_i>c=nan n_items=180
  opt-babylm-125m-20eps-seed964 L12: lit/met sz_int=0.016 leak_i>c=nan n_items=180
  wrote 13 rows for znhoughton__opt-babylm-125m-20eps-seed964__pretrained_noposemb.npz
                 pythia-410m L22: lit/met sz_int=0.067 leak_i>c=nan n_items=180
  opt-babylm-1.3B-20eps-seed964 L13: lit/met sz_int=0.020 leak_i>c=nan n_items=180
  opt-babylm-350m-20eps-seed964 L11: lit/met sz_int=0.004 leak_i>c=nan n_items=180
  opt-babylm-1.3B-20eps-seed964 L14: lit/met sz_int=0.012 leak_i>c=nan n_items=180
  opt-babylm-350m-20eps-seed964 L 0: lit/met sz_int=0.000 leak_i>c=nan n_items=180
                 pythia-410m L23: lit/met sz_int=0.069 leak_i>c=nan n_items=180
                 pythia-1.4b L15: lit/met sz_int=0.051 leak_i>c=nan n_items=180
  opt-babylm-350m-20eps-seed964 L12: lit/met sz_int=0.003 leak_i>c=nan n_items=180
  opt-babylm-1.3B-20eps-seed964 L14: lit/met sz_int=0.020 leak_i>c=nan n_items=180
  opt-babylm-350m-20eps-seed964 L 1: lit/met sz_int=0.000 leak_i>c=nan n_items=180
                 pythia-410m L24: lit/met sz_int=0.072 leak_i>c=nan n_items=180
  wrote 25 rows for EleutherAI__pythia-410m__pretrained.npz
  opt-babylm-1.3B-20eps-seed964 L15: lit/met sz_int=0.012 leak_i>c=nan n_items=180
  opt-babylm-350m-20eps-seed964 L13: lit/met sz_int=0.003 leak_i>c=nan n_items=180
                 pythia-1.4b L16: lit/met sz_int=0.053 leak_i>c=nan n_items=180
  opt-babylm-350m-20eps-seed964 L 2: lit/met sz_int=0.001 leak_i>c=nan n_items=180
  opt-babylm-350m-20eps-seed964 L14: lit/met sz_int=0.003 leak_i>c=nan n_items=180
  opt-babylm-1.3B-20eps-seed964 L15: lit/met sz_int=0.021 leak_i>c=nan n_items=180
  opt-babylm-1.3B-20eps-seed964 L16: lit/met sz_int=0.013 leak_i>c=nan n_items=180
  opt-babylm-350m-20eps-seed964 L 3: lit/met sz_int=0.002 leak_i>c=nan n_items=180
                 pythia-1.4b L17: lit/met sz_int=0.057 leak_i>c=nan n_items=180
  opt-babylm-350m-20eps-seed964 L15: lit/met sz_int=0.003 leak_i>c=nan n_items=180
  opt-babylm-350m-20eps-seed964 L 4: lit/met sz_int=0.003 leak_i>c=nan n_items=180
  opt-babylm-1.3B-20eps-seed964 L17: lit/met sz_int=0.013 leak_i>c=nan n_items=180
  opt-babylm-350m-20eps-seed964 L16: lit/met sz_int=0.003 leak_i>c=nan n_items=180
  opt-babylm-1.3B-20eps-seed964 L16: lit/met sz_int=0.022 leak_i>c=nan n_items=180
                 pythia-1.4b L18: lit/met sz_int=0.060 leak_i>c=nan n_items=180
  opt-babylm-350m-20eps-seed964 L 5: lit/met sz_int=0.003 leak_i>c=nan n_items=180
  opt-babylm-350m-20eps-seed964 L17: lit/met sz_int=0.003 leak_i>c=nan n_items=180
  opt-babylm-1.3B-20eps-seed964 L18: lit/met sz_int=0.014 leak_i>c=nan n_items=180
  opt-babylm-1.3B-20eps-seed964 L17: lit/met sz_int=0.023 leak_i>c=nan n_items=180
  opt-babylm-350m-20eps-seed964 L 6: lit/met sz_int=0.004 leak_i>c=nan n_items=180
                 pythia-1.4b L19: lit/met sz_int=0.064 leak_i>c=nan n_items=180
  opt-babylm-350m-20eps-seed964 L18: lit/met sz_int=0.003 leak_i>c=nan n_items=180
  opt-babylm-1.3B-20eps-seed964 L19: lit/met sz_int=0.015 leak_i>c=nan n_items=180
  opt-babylm-350m-20eps-seed964 L 7: lit/met sz_int=0.004 leak_i>c=nan n_items=180
  opt-babylm-350m-20eps-seed964 L19: lit/met sz_int=0.004 leak_i>c=nan n_items=180
                 pythia-1.4b L20: lit/met sz_int=0.068 leak_i>c=nan n_items=180
  opt-babylm-1.3B-20eps-seed964 L18: lit/met sz_int=0.024 leak_i>c=nan n_items=180
  opt-babylm-350m-20eps-seed964 L 8: lit/met sz_int=0.004 leak_i>c=nan n_items=180
  opt-babylm-350m-20eps-seed964 L20: lit/met sz_int=0.006 leak_i>c=nan n_items=180
  opt-babylm-1.3B-20eps-seed964 L20: lit/met sz_int=0.016 leak_i>c=nan n_items=180
  opt-babylm-350m-20eps-seed964 L 9: lit/met sz_int=0.004 leak_i>c=nan n_items=180
  opt-babylm-1.3B-20eps-seed964 L19: lit/met sz_int=0.025 leak_i>c=nan n_items=180
                 pythia-1.4b L21: lit/met sz_int=0.071 leak_i>c=nan n_items=180
  opt-babylm-350m-20eps-seed964 L21: lit/met sz_int=0.010 leak_i>c=nan n_items=180
  opt-babylm-1.3B-20eps-seed964 L21: lit/met sz_int=0.016 leak_i>c=nan n_items=180
  opt-babylm-350m-20eps-seed964 L10: lit/met sz_int=0.004 leak_i>c=nan n_items=180
  opt-babylm-350m-20eps-seed964 L22: lit/met sz_int=0.015 leak_i>c=nan n_items=180
  opt-babylm-1.3B-20eps-seed964 L20: lit/met sz_int=0.026 leak_i>c=nan n_items=180
                 pythia-1.4b L22: lit/met sz_int=0.074 leak_i>c=nan n_items=180
  opt-babylm-350m-20eps-seed964 L11: lit/met sz_int=0.004 leak_i>c=nan n_items=180
  opt-babylm-1.3B-20eps-seed964 L22: lit/met sz_int=0.017 leak_i>c=nan n_items=180
  opt-babylm-350m-20eps-seed964 L23: lit/met sz_int=0.019 leak_i>c=nan n_items=180
  opt-babylm-350m-20eps-seed964 L12: lit/met sz_int=0.004 leak_i>c=nan n_items=180
                 pythia-1.4b L23: lit/met sz_int=0.076 leak_i>c=nan n_items=180
  opt-babylm-1.3B-20eps-seed964 L21: lit/met sz_int=0.028 leak_i>c=nan n_items=180
  opt-babylm-350m-20eps-seed964 L24: lit/met sz_int=0.023 leak_i>c=nan n_items=180
  wrote 25 rows for znhoughton__opt-babylm-350m-20eps-seed964__pretrained.npz
  opt-babylm-1.3B-20eps-seed964 L23: lit/met sz_int=0.018 leak_i>c=nan n_items=180
  opt-babylm-350m-20eps-seed964 L13: lit/met sz_int=0.004 leak_i>c=nan n_items=180
                 pythia-1.4b L24: lit/met sz_int=0.078 leak_i>c=nan n_items=180
  wrote 25 rows for EleutherAI__pythia-1.4b__pretrained.npz
  opt-babylm-1.3B-20eps-seed964 L22: lit/met sz_int=0.029 leak_i>c=nan n_items=180
  opt-babylm-350m-20eps-seed964 L14: lit/met sz_int=0.004 leak_i>c=nan n_items=180
  opt-babylm-1.3B-20eps-seed964 L24: lit/met sz_int=0.019 leak_i>c=nan n_items=180
  wrote 25 rows for znhoughton__opt-babylm-1.3B-20eps-seed964__pretrained_noposemb.npz
  opt-babylm-1.3B-20eps-seed964 L23: lit/met sz_int=0.031 leak_i>c=nan n_items=180
  opt-babylm-350m-20eps-seed964 L15: lit/met sz_int=0.004 leak_i>c=nan n_items=180
  opt-babylm-350m-20eps-seed964 L16: lit/met sz_int=0.004 leak_i>c=nan n_items=180
  opt-babylm-1.3B-20eps-seed964 L24: lit/met sz_int=0.031 leak_i>c=nan n_items=180
  wrote 25 rows for znhoughton__opt-babylm-1.3B-20eps-seed964__pretrained.npz
  opt-babylm-350m-20eps-seed964 L17: lit/met sz_int=0.004 leak_i>c=nan n_items=180
  opt-babylm-350m-20eps-seed964 L18: lit/met sz_int=0.004 leak_i>c=nan n_items=180
  opt-babylm-350m-20eps-seed964 L19: lit/met sz_int=0.004 leak_i>c=nan n_items=180
  opt-babylm-350m-20eps-seed964 L20: lit/met sz_int=0.005 leak_i>c=nan n_items=180
  opt-babylm-350m-20eps-seed964 L21: lit/met sz_int=0.005 leak_i>c=nan n_items=180
  opt-babylm-350m-20eps-seed964 L22: lit/met sz_int=0.006 leak_i>c=nan n_items=180
  opt-babylm-350m-20eps-seed964 L23: lit/met sz_int=0.009 leak_i>c=nan n_items=180
  opt-babylm-350m-20eps-seed964 L24: lit/met sz_int=0.013 leak_i>c=nan n_items=180
  wrote 25 rows for znhoughton__opt-babylm-350m-20eps-seed964__pretrained_noposemb.npz
Done -> data/llm_metaphor_ablation.csv
