Loaded 41095 sentences from data/ud/en_all-ud.conllu
POSABL	model=znhoughton/opt-babylm-1.3B-20eps-seed964	init=pretrained_noposemb	zeroed=decoder.embed_positions[1026x2048]	drift=0.000e+00
    znhoughton/opt-babylm-1.3B-20eps-seed964 [pretrained_noposemb]:   2.2%  6611/300000 tokens  69 tok/s  eta 71m15s
    znhoughton/opt-babylm-1.3B-20eps-seed964 [pretrained_noposemb]:   4.3%  12840/300000 tokens  77 tok/s  eta 62m00s
    znhoughton/opt-babylm-1.3B-20eps-seed964 [pretrained_noposemb]:   6.6%  19671/300000 tokens  78 tok/s  eta 60m13s
    znhoughton/opt-babylm-1.3B-20eps-seed964 [pretrained_noposemb]:   8.6%  25801/300000 tokens  81 tok/s  eta 56m08s
    znhoughton/opt-babylm-1.3B-20eps-seed964 [pretrained_noposemb]:  10.8%  32550/300000 tokens  83 tok/s  eta 53m55s
    znhoughton/opt-babylm-1.3B-20eps-seed964 [pretrained_noposemb]:  13.0%  38966/300000 tokens  83 tok/s  eta 52m16s
    znhoughton/opt-babylm-1.3B-20eps-seed964 [pretrained_noposemb]:  15.0%  44960/300000 tokens  83 tok/s  eta 51m11s
    znhoughton/opt-babylm-1.3B-20eps-seed964 [pretrained_noposemb]:  17.2%  51607/300000 tokens  84 tok/s  eta 49m15s
    znhoughton/opt-babylm-1.3B-20eps-seed964 [pretrained_noposemb]:  19.5%  58486/300000 tokens  85 tok/s  eta 47m24s
    znhoughton/opt-babylm-1.3B-20eps-seed964 [pretrained_noposemb]:  21.0%  62870/300000 tokens  84 tok/s  eta 47m18s
    znhoughton/opt-babylm-1.3B-20eps-seed964 [pretrained_noposemb]:  23.4%  70185/300000 tokens  84 tok/s  eta 45m24s
    znhoughton/opt-babylm-1.3B-20eps-seed964 [pretrained_noposemb]:  24.8%  74543/300000 tokens  84 tok/s  eta 44m58s
    znhoughton/opt-babylm-1.3B-20eps-seed964 [pretrained_noposemb]:  27.0%  80964/300000 tokens  84 tok/s  eta 43m31s
    znhoughton/opt-babylm-1.3B-20eps-seed964 [pretrained_noposemb]:  29.3%  87967/300000 tokens  85 tok/s  eta 41m44s
    znhoughton/opt-babylm-1.3B-20eps-seed964 [pretrained_noposemb]:  32.1%  96365/300000 tokens  86 tok/s  eta 39m16s
    znhoughton/opt-babylm-1.3B-20eps-seed964 [pretrained_noposemb]:  35.0%  104915/300000 tokens  88 tok/s  eta 36m58s
    znhoughton/opt-babylm-1.3B-20eps-seed964 [pretrained_noposemb]:  37.2%  111567/300000 tokens  88 tok/s  eta 35m40s
    znhoughton/opt-babylm-1.3B-20eps-seed964 [pretrained_noposemb]:  39.5%  118480/300000 tokens  89 tok/s  eta 34m10s
    znhoughton/opt-babylm-1.3B-20eps-seed964 [pretrained_noposemb]:  41.7%  125134/300000 tokens  89 tok/s  eta 32m35s
    znhoughton/opt-babylm-1.3B-20eps-seed964 [pretrained_noposemb]:  44.6%  133662/300000 tokens  91 tok/s  eta 30m33s
    znhoughton/opt-babylm-1.3B-20eps-seed964 [pretrained_noposemb]:  46.8%  140451/300000 tokens  87 tok/s  eta 30m23s
    znhoughton/opt-babylm-1.3B-20eps-seed964 [pretrained_noposemb]:  48.3%  144975/300000 tokens  86 tok/s  eta 30m06s
    znhoughton/opt-babylm-1.3B-20eps-seed964 [pretrained_noposemb]:  50.7%  152198/300000 tokens  86 tok/s  eta 28m36s
    znhoughton/opt-babylm-1.3B-20eps-seed964 [pretrained_noposemb]:  53.6%  160752/300000 tokens  85 tok/s  eta 27m10s
    znhoughton/opt-babylm-1.3B-20eps-seed964 [pretrained_noposemb]:  55.8%  167418/300000 tokens  86 tok/s  eta 25m45s
    znhoughton/opt-babylm-1.3B-20eps-seed964 [pretrained_noposemb]:  58.1%  174210/300000 tokens  85 tok/s  eta 24m44s
    znhoughton/opt-babylm-1.3B-20eps-seed964 [pretrained_noposemb]:  60.3%  180812/300000 tokens  85 tok/s  eta 23m28s
    znhoughton/opt-babylm-1.3B-20eps-seed964 [pretrained_noposemb]:  62.4%  187292/300000 tokens  84 tok/s  eta 22m21s
    znhoughton/opt-babylm-1.3B-20eps-seed964 [pretrained_noposemb]:  64.6%  193931/300000 tokens  84 tok/s  eta 21m08s
    znhoughton/opt-babylm-1.3B-20eps-seed964 [pretrained_noposemb]:  66.9%  200756/300000 tokens  84 tok/s  eta 19m48s
    znhoughton/opt-babylm-1.3B-20eps-seed964 [pretrained_noposemb]:  69.8%  209386/300000 tokens  85 tok/s  eta 17m50s
    znhoughton/opt-babylm-1.3B-20eps-seed964 [pretrained_noposemb]:  72.6%  217901/300000 tokens  86 tok/s  eta 15m56s
    znhoughton/opt-babylm-1.3B-20eps-seed964 [pretrained_noposemb]:  75.4%  226112/300000 tokens  86 tok/s  eta 14m15s
    znhoughton/opt-babylm-1.3B-20eps-seed964 [pretrained_noposemb]:  78.2%  234703/300000 tokens  87 tok/s  eta 12m32s
    znhoughton/opt-babylm-1.3B-20eps-seed964 [pretrained_noposemb]:  81.3%  243861/300000 tokens  88 tok/s  eta 10m41s
    znhoughton/opt-babylm-1.3B-20eps-seed964 [pretrained_noposemb]:  84.2%  252647/300000 tokens  89 tok/s  eta 8m54s
    znhoughton/opt-babylm-1.3B-20eps-seed964 [pretrained_noposemb]:  87.1%  261241/300000 tokens  89 tok/s  eta 7m16s
    znhoughton/opt-babylm-1.3B-20eps-seed964 [pretrained_noposemb]:  90.0%  270038/300000 tokens  90 tok/s  eta 5m34s
    znhoughton/opt-babylm-1.3B-20eps-seed964 [pretrained_noposemb]:  93.0%  278914/300000 tokens  91 tok/s  eta 3m52s
    znhoughton/opt-babylm-1.3B-20eps-seed964 [pretrained_noposemb]:  95.3%  285826/300000 tokens  91 tok/s  eta 2m35s
    znhoughton/opt-babylm-1.3B-20eps-seed964 [pretrained_noposemb]:  98.3%  295012/300000 tokens  92 tok/s  eta 0m54s
    znhoughton/opt-babylm-1.3B-20eps-seed964 [pretrained_noposemb]:  99.8%  299353/300000 tokens  92 tok/s  eta 0m07s
    znhoughton/opt-babylm-1.3B-20eps-seed964 [pretrained_noposemb]: 100.0%  300000/300000 tokens  92 tok/s  eta 0m00s
    znhoughton/opt-babylm-1.3B-20eps-seed964 [pretrained_noposemb]: extraction done, compressing 61 GB to znhoughton__opt-babylm-1.3B-20eps-seed964__pretrained_noposemb.npz (single-threaded, GPU idle, expect many minutes)
    znhoughton/opt-babylm-1.3B-20eps-seed964 [pretrained_noposemb]: compressed in 98.3 min -> 56.8 GB
  [pretrained] znhoughton/opt-babylm-1.3B-20eps-seed964 (babylm/1.3b): streamed 300000 tokens -> data/llm_reps/znhoughton__opt-babylm-1.3B-20eps-seed964__pretrained_noposemb.npz
POSABL	model=znhoughton/opt-babylm-1.3B-20eps-seed964	init=random_noposemb	zeroed=decoder.embed_positions[1026x2048]	drift=0.000e+00
    znhoughton/opt-babylm-1.3B-20eps-seed964 [random_noposemb]:   4.3%  12840/300000 tokens  186 tok/s  eta 25m42s
    znhoughton/opt-babylm-1.3B-20eps-seed964 [random_noposemb]:   7.9%  23745/300000 tokens  169 tok/s  eta 27m10s
Loaded 41095 sentences from data/ud/en_all-ud.conllu
  [pretrained] znhoughton/opt-babylm-1.3B-20eps-seed964: reps already complete, skipping -> data/llm_reps/znhoughton__opt-babylm-1.3B-20eps-seed964__pretrained_noposemb.npz
POSABL	model=znhoughton/opt-babylm-1.3B-20eps-seed964	init=random_noposemb	zeroed=decoder.embed_positions[1026x2048]	drift=0.000e+00
    znhoughton/opt-babylm-1.3B-20eps-seed964 [random_noposemb]:   3.6%  10857/300000 tokens  174 tok/s  eta 27m43s
    znhoughton/opt-babylm-1.3B-20eps-seed964 [random_noposemb]:   6.6%  19671/300000 tokens  155 tok/s  eta 30m14s
    znhoughton/opt-babylm-1.3B-20eps-seed964 [random_noposemb]:  10.1%  30232/300000 tokens  153 tok/s  eta 29m25s
    znhoughton/opt-babylm-1.3B-20eps-seed964 [random_noposemb]:  13.7%  41104/300000 tokens  156 tok/s  eta 27m43s
    znhoughton/opt-babylm-1.3B-20eps-seed964 [random_noposemb]:  17.2%  51607/300000 tokens  154 tok/s  eta 26m56s
    znhoughton/opt-babylm-1.3B-20eps-seed964 [random_noposemb]:  21.0%  62870/300000 tokens  155 tok/s  eta 25m28s
    znhoughton/opt-babylm-1.3B-20eps-seed964 [random_noposemb]:  24.8%  74543/300000 tokens  156 tok/s  eta 24m05s
    znhoughton/opt-babylm-1.3B-20eps-seed964 [random_noposemb]:  29.3%  87967/300000 tokens  158 tok/s  eta 22m20s
    znhoughton/opt-babylm-1.3B-20eps-seed964 [random_noposemb]:  32.8%  98284/300000 tokens  159 tok/s  eta 21m06s
    znhoughton/opt-babylm-1.3B-20eps-seed964 [random_noposemb]:  37.2%  111567/300000 tokens  161 tok/s  eta 19m31s
    znhoughton/opt-babylm-1.3B-20eps-seed964 [random_noposemb]:  41.0%  122995/300000 tokens  163 tok/s  eta 18m06s
    znhoughton/opt-babylm-1.3B-20eps-seed964 [random_noposemb]:  44.6%  133662/300000 tokens  164 tok/s  eta 16m54s
    znhoughton/opt-babylm-1.3B-20eps-seed964 [random_noposemb]:  48.3%  144975/300000 tokens  164 tok/s  eta 15m44s
    znhoughton/opt-babylm-1.3B-20eps-seed964 [random_noposemb]:  52.2%  156696/300000 tokens  165 tok/s  eta 14m27s
    znhoughton/opt-babylm-1.3B-20eps-seed964 [random_noposemb]:  56.7%  170001/300000 tokens  166 tok/s  eta 13m04s
    znhoughton/opt-babylm-1.3B-20eps-seed964 [random_noposemb]:  61.0%  182908/300000 tokens  167 tok/s  eta 11m41s
    znhoughton/opt-babylm-1.3B-20eps-seed964 [random_noposemb]:  65.4%  196218/300000 tokens  168 tok/s  eta 10m17s
    znhoughton/opt-babylm-1.3B-20eps-seed964 [random_noposemb]:  68.4%  205079/300000 tokens  166 tok/s  eta 9m32s
    znhoughton/opt-babylm-1.3B-20eps-seed964 [random_noposemb]:  71.9%  215806/300000 tokens  164 tok/s  eta 8m33s
    znhoughton/opt-babylm-1.3B-20eps-seed964 [random_noposemb]:  75.4%  226112/300000 tokens  164 tok/s  eta 7m31s
    znhoughton/opt-babylm-1.3B-20eps-seed964 [random_noposemb]:  79.8%  239396/300000 tokens  165 tok/s  eta 6m06s
    znhoughton/opt-babylm-1.3B-20eps-seed964 [random_noposemb]:  83.6%  250662/300000 tokens  166 tok/s  eta 4m58s
    znhoughton/opt-babylm-1.3B-20eps-seed964 [random_noposemb]:  87.9%  263672/300000 tokens  166 tok/s  eta 3m38s
    znhoughton/opt-babylm-1.3B-20eps-seed964 [random_noposemb]:  92.2%  276629/300000 tokens  167 tok/s  eta 2m20s
    znhoughton/opt-babylm-1.3B-20eps-seed964 [random_noposemb]:  96.1%  288161/300000 tokens  166 tok/s  eta 1m11s
    znhoughton/opt-babylm-1.3B-20eps-seed964 [random_noposemb]:  99.8%  299353/300000 tokens  166 tok/s  eta 0m03s
    znhoughton/opt-babylm-1.3B-20eps-seed964 [random_noposemb]: 100.0%  300000/300000 tokens  166 tok/s  eta 0m00s
    znhoughton/opt-babylm-1.3B-20eps-seed964 [random_noposemb]: extraction done, writing 61 GB to znhoughton__opt-babylm-1.3B-20eps-seed964__random_noposemb.npz (uncompressed)
    znhoughton/opt-babylm-1.3B-20eps-seed964 [random_noposemb]: compressed in 15.6 min -> 62.0 GB
  [    random] znhoughton/opt-babylm-1.3B-20eps-seed964 (babylm/1.3b): streamed 300000 tokens -> data/llm_reps/znhoughton__opt-babylm-1.3B-20eps-seed964__random_noposemb.npz
Done -> /opt/modeling/zhoughton/misc/representation-separability/data/llm_separability.csv
