Loaded 41095 sentences from data/ud/en_all-ud.conllu
POSABL	model=znhoughton/opt-babylm-125m-20eps-seed964	init=pretrained_noposemb	zeroed=decoder.embed_positions[1026x768]	drift=0.000e+00
    znhoughton/opt-babylm-125m-20eps-seed964 [pretrained_noposemb]:  11.5%  34471/300000 tokens  519 tok/s  eta 8m31s
    znhoughton/opt-babylm-125m-20eps-seed964 [pretrained_noposemb]:  18.8%  56273/300000 tokens  437 tok/s  eta 9m17s
    znhoughton/opt-babylm-125m-20eps-seed964 [pretrained_noposemb]:  29.3%  87967/300000 tokens  439 tok/s  eta 8m03s
    znhoughton/opt-babylm-125m-20eps-seed964 [pretrained_noposemb]:  37.9%  113728/300000 tokens  427 tok/s  eta 7m15s
    znhoughton/opt-babylm-125m-20eps-seed964 [pretrained_noposemb]:  48.3%  144975/300000 tokens  434 tok/s  eta 5m57s
    znhoughton/opt-babylm-125m-20eps-seed964 [pretrained_noposemb]:  57.3%  172033/300000 tokens  436 tok/s  eta 4m53s
    znhoughton/opt-babylm-125m-20eps-seed964 [pretrained_noposemb]:  67.7%  203028/300000 tokens  441 tok/s  eta 3m39s
    znhoughton/opt-babylm-125m-20eps-seed964 [pretrained_noposemb]:  77.6%  232664/300000 tokens  442 tok/s  eta 2m32s
    znhoughton/opt-babylm-125m-20eps-seed964 [pretrained_noposemb]:  87.9%  263672/300000 tokens  447 tok/s  eta 1m21s
    znhoughton/opt-babylm-125m-20eps-seed964 [pretrained_noposemb]:  98.3%  295012/300000 tokens  450 tok/s  eta 0m11s
    znhoughton/opt-babylm-125m-20eps-seed964 [pretrained_noposemb]: 100.0%  300000/300000 tokens  452 tok/s  eta 0m00s
    znhoughton/opt-babylm-125m-20eps-seed964 [pretrained_noposemb]: extraction done, compressing 12 GB to znhoughton__opt-babylm-125m-20eps-seed964__pretrained_noposemb.npz (single-threaded, GPU idle, expect many minutes)
    znhoughton/opt-babylm-125m-20eps-seed964 [pretrained_noposemb]: compressed in 13.5 min -> 11.0 GB
  [pretrained] znhoughton/opt-babylm-125m-20eps-seed964 (babylm/125m): streamed 300000 tokens -> data/llm_reps/znhoughton__opt-babylm-125m-20eps-seed964__pretrained_noposemb.npz
POSABL	model=znhoughton/opt-babylm-125m-20eps-seed964	init=random_noposemb	zeroed=decoder.embed_positions[1026x768]	drift=0.000e+00
    znhoughton/opt-babylm-125m-20eps-seed964 [random_noposemb]:  10.1%  30232/300000 tokens  294 tok/s  eta 15m18s
    znhoughton/opt-babylm-125m-20eps-seed964 [random_noposemb]:  20.2%  60719/300000 tokens  306 tok/s  eta 13m01s
    znhoughton/opt-babylm-125m-20eps-seed964 [random_noposemb]:  30.8%  92367/300000 tokens  356 tok/s  eta 9m43s
    znhoughton/opt-babylm-125m-20eps-seed964 [random_noposemb]:  42.5%  127520/300000 tokens  394 tok/s  eta 7m17s
    znhoughton/opt-babylm-125m-20eps-seed964 [random_noposemb]:  50.0%  150014/300000 tokens  377 tok/s  eta 6m37s
    znhoughton/opt-babylm-125m-20eps-seed964 [random_noposemb]:  60.3%  180812/300000 tokens  390 tok/s  eta 5m05s
    znhoughton/opt-babylm-125m-20eps-seed964 [random_noposemb]:  70.5%  211502/300000 tokens  404 tok/s  eta 3m39s
    znhoughton/opt-babylm-125m-20eps-seed964 [random_noposemb]:  77.6%  232664/300000 tokens  395 tok/s  eta 2m50s
    znhoughton/opt-babylm-125m-20eps-seed964 [random_noposemb]:  86.3%  259043/300000 tokens  399 tok/s  eta 1m42s
    znhoughton/opt-babylm-125m-20eps-seed964 [random_noposemb]:  96.8%  290349/300000 tokens  394 tok/s  eta 0m24s
    znhoughton/opt-babylm-125m-20eps-seed964 [random_noposemb]: 100.0%  300000/300000 tokens  401 tok/s  eta 0m00s
    znhoughton/opt-babylm-125m-20eps-seed964 [random_noposemb]: extraction done, compressing 12 GB to znhoughton__opt-babylm-125m-20eps-seed964__random_noposemb.npz (single-threaded, GPU idle, expect many minutes)
    znhoughton/opt-babylm-125m-20eps-seed964 [random_noposemb]: compressed in 13.0 min -> 11.0 GB
  [    random] znhoughton/opt-babylm-125m-20eps-seed964 (babylm/125m): streamed 300000 tokens -> data/llm_reps/znhoughton__opt-babylm-125m-20eps-seed964__random_noposemb.npz
Done -> /opt/modeling/zhoughton/misc/representation-separability/data/llm_separability.csv
Loaded 41095 sentences from data/ud/en_all-ud.conllu
  [pretrained] znhoughton/opt-babylm-125m-20eps-seed964: reps already complete, skipping -> data/llm_reps/znhoughton__opt-babylm-125m-20eps-seed964__pretrained_noposemb.npz
  [    random] znhoughton/opt-babylm-125m-20eps-seed964: reps already complete, skipping -> data/llm_reps/znhoughton__opt-babylm-125m-20eps-seed964__random_noposemb.npz
Done -> /opt/modeling/zhoughton/misc/representation-separability/data/llm_separability.csv
