Generating train split:   0%|          | 0/160154 [00:00<?, ? examples/s]Generating train split:  19%|█▊        | 30000/160154 [00:00<00:00, 196652.25 examples/s]Generating train split:  44%|████▎     | 70000/160154 [00:00<00:00, 282711.49 examples/s]Generating train split:  75%|███████▍  | 120000/160154 [00:00<00:00, 335546.45 examples/s]Generating train split: 100%|██████████| 160154/160154 [00:00<00:00, 348964.26 examples/s]
Generating test split:   0%|          | 0/22196 [00:00<?, ? examples/s]Generating test split: 100%|██████████| 22196/22196 [00:00<00:00, 367454.38 examples/s]
VUA content: 13429 sentences, 88509 targets
=== znhoughton/opt-babylm-125m-20eps-seed964 ===
POSABL	model=znhoughton/opt-babylm-125m-20eps-seed964	init=pretrained_noposemb	zeroed=decoder.embed_positions[1026x768]	drift=0.000e+00
    znhoughton/opt-babylm-125m-20eps-seed964: 107/88509 targets
    znhoughton/opt-babylm-125m-20eps-seed964: 2694/88509 targets
    znhoughton/opt-babylm-125m-20eps-seed964: 5051/88509 targets
    znhoughton/opt-babylm-125m-20eps-seed964: 7429/88509 targets
    znhoughton/opt-babylm-125m-20eps-seed964: 9733/88509 targets
    znhoughton/opt-babylm-125m-20eps-seed964: 11901/88509 targets
    znhoughton/opt-babylm-125m-20eps-seed964: 13865/88509 targets
    znhoughton/opt-babylm-125m-20eps-seed964: 15633/88509 targets
    znhoughton/opt-babylm-125m-20eps-seed964: 18112/88509 targets
    znhoughton/opt-babylm-125m-20eps-seed964: 19913/88509 targets
    znhoughton/opt-babylm-125m-20eps-seed964: 21955/88509 targets
    znhoughton/opt-babylm-125m-20eps-seed964: 24379/88509 targets
    znhoughton/opt-babylm-125m-20eps-seed964: 25903/88509 targets
    znhoughton/opt-babylm-125m-20eps-seed964: 27412/88509 targets
    znhoughton/opt-babylm-125m-20eps-seed964: 29387/88509 targets
    znhoughton/opt-babylm-125m-20eps-seed964: 33046/88509 targets
    znhoughton/opt-babylm-125m-20eps-seed964: 34799/88509 targets
    znhoughton/opt-babylm-125m-20eps-seed964: 37576/88509 targets
    znhoughton/opt-babylm-125m-20eps-seed964: 39892/88509 targets
    znhoughton/opt-babylm-125m-20eps-seed964: 42404/88509 targets
    znhoughton/opt-babylm-125m-20eps-seed964: 43970/88509 targets
    znhoughton/opt-babylm-125m-20eps-seed964: 45614/88509 targets
    znhoughton/opt-babylm-125m-20eps-seed964: 48214/88509 targets
    znhoughton/opt-babylm-125m-20eps-seed964: 50495/88509 targets
    znhoughton/opt-babylm-125m-20eps-seed964: 52598/88509 targets
    znhoughton/opt-babylm-125m-20eps-seed964: 54730/88509 targets
    znhoughton/opt-babylm-125m-20eps-seed964: 56685/88509 targets
    znhoughton/opt-babylm-125m-20eps-seed964: 59975/88509 targets
    znhoughton/opt-babylm-125m-20eps-seed964: 63218/88509 targets
    znhoughton/opt-babylm-125m-20eps-seed964: 66694/88509 targets
    znhoughton/opt-babylm-125m-20eps-seed964: 69316/88509 targets
    znhoughton/opt-babylm-125m-20eps-seed964: 71756/88509 targets
    znhoughton/opt-babylm-125m-20eps-seed964: 74577/88509 targets
    znhoughton/opt-babylm-125m-20eps-seed964: 76672/88509 targets
    znhoughton/opt-babylm-125m-20eps-seed964: 77795/88509 targets
    znhoughton/opt-babylm-125m-20eps-seed964: 79782/88509 targets
    znhoughton/opt-babylm-125m-20eps-seed964: 81217/88509 targets
    znhoughton/opt-babylm-125m-20eps-seed964: 82500/88509 targets
    znhoughton/opt-babylm-125m-20eps-seed964: 83505/88509 targets
    znhoughton/opt-babylm-125m-20eps-seed964: 84688/88509 targets
    znhoughton/opt-babylm-125m-20eps-seed964: 85881/88509 targets
    znhoughton/opt-babylm-125m-20eps-seed964: 87276/88509 targets
  znhoughton/opt-babylm-125m-20eps-seed964: wrote 88509 targets (0 dropped to truncation) -> data/vua_reps/znhoughton__opt-babylm-125m-20eps-seed964__pretrained_noposemb.npz
=== znhoughton/opt-babylm-350m-20eps-seed964 ===
POSABL	model=znhoughton/opt-babylm-350m-20eps-seed964	init=pretrained_noposemb	zeroed=decoder.embed_positions[1026x1024]	drift=0.000e+00
    znhoughton/opt-babylm-350m-20eps-seed964: 107/88509 targets
    znhoughton/opt-babylm-350m-20eps-seed964: 2694/88509 targets
    znhoughton/opt-babylm-350m-20eps-seed964: 5051/88509 targets
    znhoughton/opt-babylm-350m-20eps-seed964: 7429/88509 targets
    znhoughton/opt-babylm-350m-20eps-seed964: 9733/88509 targets
    znhoughton/opt-babylm-350m-20eps-seed964: 11901/88509 targets
    znhoughton/opt-babylm-350m-20eps-seed964: 13865/88509 targets
    znhoughton/opt-babylm-350m-20eps-seed964: 15633/88509 targets
    znhoughton/opt-babylm-350m-20eps-seed964: 18112/88509 targets
    znhoughton/opt-babylm-350m-20eps-seed964: 19913/88509 targets
    znhoughton/opt-babylm-350m-20eps-seed964: 21955/88509 targets
    znhoughton/opt-babylm-350m-20eps-seed964: 24379/88509 targets
    znhoughton/opt-babylm-350m-20eps-seed964: 25903/88509 targets
    znhoughton/opt-babylm-350m-20eps-seed964: 27412/88509 targets
    znhoughton/opt-babylm-350m-20eps-seed964: 29387/88509 targets
    znhoughton/opt-babylm-350m-20eps-seed964: 33046/88509 targets
    znhoughton/opt-babylm-350m-20eps-seed964: 34799/88509 targets
    znhoughton/opt-babylm-350m-20eps-seed964: 37576/88509 targets
    znhoughton/opt-babylm-350m-20eps-seed964: 39892/88509 targets
    znhoughton/opt-babylm-350m-20eps-seed964: 42404/88509 targets
    znhoughton/opt-babylm-350m-20eps-seed964: 43970/88509 targets
    znhoughton/opt-babylm-350m-20eps-seed964: 45614/88509 targets
    znhoughton/opt-babylm-350m-20eps-seed964: 48214/88509 targets
    znhoughton/opt-babylm-350m-20eps-seed964: 50495/88509 targets
    znhoughton/opt-babylm-350m-20eps-seed964: 52598/88509 targets
    znhoughton/opt-babylm-350m-20eps-seed964: 54730/88509 targets
    znhoughton/opt-babylm-350m-20eps-seed964: 56685/88509 targets
    znhoughton/opt-babylm-350m-20eps-seed964: 59975/88509 targets
    znhoughton/opt-babylm-350m-20eps-seed964: 63218/88509 targets
    znhoughton/opt-babylm-350m-20eps-seed964: 66694/88509 targets
    znhoughton/opt-babylm-350m-20eps-seed964: 69316/88509 targets
    znhoughton/opt-babylm-350m-20eps-seed964: 71756/88509 targets
    znhoughton/opt-babylm-350m-20eps-seed964: 74577/88509 targets
    znhoughton/opt-babylm-350m-20eps-seed964: 76672/88509 targets
    znhoughton/opt-babylm-350m-20eps-seed964: 77795/88509 targets
    znhoughton/opt-babylm-350m-20eps-seed964: 79782/88509 targets
    znhoughton/opt-babylm-350m-20eps-seed964: 81217/88509 targets
    znhoughton/opt-babylm-350m-20eps-seed964: 82500/88509 targets
    znhoughton/opt-babylm-350m-20eps-seed964: 83505/88509 targets
    znhoughton/opt-babylm-350m-20eps-seed964: 84688/88509 targets
    znhoughton/opt-babylm-350m-20eps-seed964: 85881/88509 targets
    znhoughton/opt-babylm-350m-20eps-seed964: 87276/88509 targets
  znhoughton/opt-babylm-350m-20eps-seed964: wrote 88509 targets (0 dropped to truncation) -> data/vua_reps/znhoughton__opt-babylm-350m-20eps-seed964__pretrained_noposemb.npz
=== znhoughton/opt-babylm-1.3B-20eps-seed964 ===
POSABL	model=znhoughton/opt-babylm-1.3B-20eps-seed964	init=pretrained_noposemb	zeroed=decoder.embed_positions[1026x2048]	drift=0.000e+00
    znhoughton/opt-babylm-1.3B-20eps-seed964: 107/88509 targets
    znhoughton/opt-babylm-1.3B-20eps-seed964: 2694/88509 targets
    znhoughton/opt-babylm-1.3B-20eps-seed964: 5051/88509 targets
    znhoughton/opt-babylm-1.3B-20eps-seed964: 7429/88509 targets
    znhoughton/opt-babylm-1.3B-20eps-seed964: 9733/88509 targets
    znhoughton/opt-babylm-1.3B-20eps-seed964: 11901/88509 targets
    znhoughton/opt-babylm-1.3B-20eps-seed964: 13865/88509 targets
    znhoughton/opt-babylm-1.3B-20eps-seed964: 15633/88509 targets
    znhoughton/opt-babylm-1.3B-20eps-seed964: 18112/88509 targets
    znhoughton/opt-babylm-1.3B-20eps-seed964: 19913/88509 targets
    znhoughton/opt-babylm-1.3B-20eps-seed964: 21955/88509 targets
    znhoughton/opt-babylm-1.3B-20eps-seed964: 24379/88509 targets
    znhoughton/opt-babylm-1.3B-20eps-seed964: 25903/88509 targets
    znhoughton/opt-babylm-1.3B-20eps-seed964: 27412/88509 targets
    znhoughton/opt-babylm-1.3B-20eps-seed964: 29387/88509 targets
    znhoughton/opt-babylm-1.3B-20eps-seed964: 33046/88509 targets
    znhoughton/opt-babylm-1.3B-20eps-seed964: 34799/88509 targets
    znhoughton/opt-babylm-1.3B-20eps-seed964: 37576/88509 targets
    znhoughton/opt-babylm-1.3B-20eps-seed964: 39892/88509 targets
    znhoughton/opt-babylm-1.3B-20eps-seed964: 42404/88509 targets
    znhoughton/opt-babylm-1.3B-20eps-seed964: 43970/88509 targets
    znhoughton/opt-babylm-1.3B-20eps-seed964: 45614/88509 targets
    znhoughton/opt-babylm-1.3B-20eps-seed964: 48214/88509 targets
    znhoughton/opt-babylm-1.3B-20eps-seed964: 50495/88509 targets
    znhoughton/opt-babylm-1.3B-20eps-seed964: 52598/88509 targets
    znhoughton/opt-babylm-1.3B-20eps-seed964: 54730/88509 targets
    znhoughton/opt-babylm-1.3B-20eps-seed964: 56685/88509 targets
    znhoughton/opt-babylm-1.3B-20eps-seed964: 59975/88509 targets
    znhoughton/opt-babylm-1.3B-20eps-seed964: 63218/88509 targets
    znhoughton/opt-babylm-1.3B-20eps-seed964: 66694/88509 targets
    znhoughton/opt-babylm-1.3B-20eps-seed964: 69316/88509 targets
    znhoughton/opt-babylm-1.3B-20eps-seed964: 71756/88509 targets
    znhoughton/opt-babylm-1.3B-20eps-seed964: 74577/88509 targets
    znhoughton/opt-babylm-1.3B-20eps-seed964: 76672/88509 targets
    znhoughton/opt-babylm-1.3B-20eps-seed964: 77795/88509 targets
    znhoughton/opt-babylm-1.3B-20eps-seed964: 79782/88509 targets
    znhoughton/opt-babylm-1.3B-20eps-seed964: 81217/88509 targets
    znhoughton/opt-babylm-1.3B-20eps-seed964: 82500/88509 targets
    znhoughton/opt-babylm-1.3B-20eps-seed964: 83505/88509 targets
    znhoughton/opt-babylm-1.3B-20eps-seed964: 84688/88509 targets
    znhoughton/opt-babylm-1.3B-20eps-seed964: 85881/88509 targets
    znhoughton/opt-babylm-1.3B-20eps-seed964: 87276/88509 targets
  znhoughton/opt-babylm-1.3B-20eps-seed964: wrote 88509 targets (0 dropped to truncation) -> data/vua_reps/znhoughton__opt-babylm-1.3B-20eps-seed964__pretrained_noposemb.npz
Done -> data/vua_reps
